Archive member included to satisfy reference by file (symbol)

/usr/local/arm/gcc-arm-10.3-2021.07-x86_64-arm-none-eabi/bin/../lib/gcc/arm-none-eabi/10.3.1/thumb/v7e-m+fp/hard/libgcc.a(_aeabi_uldivmod.o)
                              CMakeFiles/USB_Mouse.elf.dir/Drivers/STM32H7xx_HAL_Driver/Src/stm32h7xx_hal_uart.c.obj (__aeabi_uldivmod)
/usr/local/arm/gcc-arm-10.3-2021.07-x86_64-arm-none-eabi/bin/../lib/gcc/arm-none-eabi/10.3.1/thumb/v7e-m+fp/hard/libgcc.a(_udivmoddi4.o)
                              /usr/local/arm/gcc-arm-10.3-2021.07-x86_64-arm-none-eabi/bin/../lib/gcc/arm-none-eabi/10.3.1/thumb/v7e-m+fp/hard/libgcc.a(_aeabi_uldivmod.o) (__udivmoddi4)
/usr/local/arm/gcc-arm-10.3-2021.07-x86_64-arm-none-eabi/bin/../lib/gcc/arm-none-eabi/10.3.1/thumb/v7e-m+fp/hard/libgcc.a(_dvmd_tls.o)
                              /usr/local/arm/gcc-arm-10.3-2021.07-x86_64-arm-none-eabi/bin/../lib/gcc/arm-none-eabi/10.3.1/thumb/v7e-m+fp/hard/libgcc.a(_aeabi_uldivmod.o) (__aeabi_ldiv0)
/usr/local/arm/gcc-arm-10.3-2021.07-x86_64-arm-none-eabi/bin/../lib/gcc/arm-none-eabi/10.3.1/../../../../arm-none-eabi/lib/thumb/v7e-m+fp/hard/libg.a(lib_a-atexit.o)
                              /usr/local/arm/gcc-arm-10.3-2021.07-x86_64-arm-none-eabi/bin/../lib/gcc/arm-none-eabi/10.3.1/../../../../arm-none-eabi/lib/thumb/v7e-m+fp/hard/crt0.o (atexit)
/usr/local/arm/gcc-arm-10.3-2021.07-x86_64-arm-none-eabi/bin/../lib/gcc/arm-none-eabi/10.3.1/../../../../arm-none-eabi/lib/thumb/v7e-m+fp/hard/libg.a(lib_a-errno.o)
                              CMakeFiles/USB_Mouse.elf.dir/Core/Src/syscalls.c.obj (__errno)
/usr/local/arm/gcc-arm-10.3-2021.07-x86_64-arm-none-eabi/bin/../lib/gcc/arm-none-eabi/10.3.1/../../../../arm-none-eabi/lib/thumb/v7e-m+fp/hard/libg.a(lib_a-exit.o)
                              /usr/local/arm/gcc-arm-10.3-2021.07-x86_64-arm-none-eabi/bin/../lib/gcc/arm-none-eabi/10.3.1/../../../../arm-none-eabi/lib/thumb/v7e-m+fp/hard/crt0.o (exit)
/usr/local/arm/gcc-arm-10.3-2021.07-x86_64-arm-none-eabi/bin/../lib/gcc/arm-none-eabi/10.3.1/../../../../arm-none-eabi/lib/thumb/v7e-m+fp/hard/libg.a(lib_a-fini.o)
                              /usr/local/arm/gcc-arm-10.3-2021.07-x86_64-arm-none-eabi/bin/../lib/gcc/arm-none-eabi/10.3.1/../../../../arm-none-eabi/lib/thumb/v7e-m+fp/hard/crt0.o (__libc_fini_array)
/usr/local/arm/gcc-arm-10.3-2021.07-x86_64-arm-none-eabi/bin/../lib/gcc/arm-none-eabi/10.3.1/../../../../arm-none-eabi/lib/thumb/v7e-m+fp/hard/libg.a(lib_a-impure.o)
                              /usr/local/arm/gcc-arm-10.3-2021.07-x86_64-arm-none-eabi/bin/../lib/gcc/arm-none-eabi/10.3.1/../../../../arm-none-eabi/lib/thumb/v7e-m+fp/hard/libg.a(lib_a-exit.o) (_global_impure_ptr)
/usr/local/arm/gcc-arm-10.3-2021.07-x86_64-arm-none-eabi/bin/../lib/gcc/arm-none-eabi/10.3.1/../../../../arm-none-eabi/lib/thumb/v7e-m+fp/hard/libg.a(lib_a-init.o)
                              /usr/local/arm/gcc-arm-10.3-2021.07-x86_64-arm-none-eabi/bin/../lib/gcc/arm-none-eabi/10.3.1/../../../../arm-none-eabi/lib/thumb/v7e-m+fp/hard/crt0.o (__libc_init_array)
/usr/local/arm/gcc-arm-10.3-2021.07-x86_64-arm-none-eabi/bin/../lib/gcc/arm-none-eabi/10.3.1/../../../../arm-none-eabi/lib/thumb/v7e-m+fp/hard/libg.a(lib_a-memset.o)
                              /usr/local/arm/gcc-arm-10.3-2021.07-x86_64-arm-none-eabi/bin/../lib/gcc/arm-none-eabi/10.3.1/../../../../arm-none-eabi/lib/thumb/v7e-m+fp/hard/crt0.o (memset)
/usr/local/arm/gcc-arm-10.3-2021.07-x86_64-arm-none-eabi/bin/../lib/gcc/arm-none-eabi/10.3.1/../../../../arm-none-eabi/lib/thumb/v7e-m+fp/hard/libg.a(lib_a-__atexit.o)
                              /usr/local/arm/gcc-arm-10.3-2021.07-x86_64-arm-none-eabi/bin/../lib/gcc/arm-none-eabi/10.3.1/../../../../arm-none-eabi/lib/thumb/v7e-m+fp/hard/libg.a(lib_a-atexit.o) (__register_exitproc)
/usr/local/arm/gcc-arm-10.3-2021.07-x86_64-arm-none-eabi/bin/../lib/gcc/arm-none-eabi/10.3.1/../../../../arm-none-eabi/lib/thumb/v7e-m+fp/hard/libg.a(lib_a-__call_atexit.o)
                              /usr/local/arm/gcc-arm-10.3-2021.07-x86_64-arm-none-eabi/bin/../lib/gcc/arm-none-eabi/10.3.1/../../../../arm-none-eabi/lib/thumb/v7e-m+fp/hard/libg.a(lib_a-exit.o) (__call_exitprocs)

Discarded input sections

 .text          0x0000000000000000        0x0 /usr/local/arm/gcc-arm-10.3-2021.07-x86_64-arm-none-eabi/bin/../lib/gcc/arm-none-eabi/10.3.1/thumb/v7e-m+fp/hard/crti.o
 .data          0x0000000000000000        0x0 /usr/local/arm/gcc-arm-10.3-2021.07-x86_64-arm-none-eabi/bin/../lib/gcc/arm-none-eabi/10.3.1/thumb/v7e-m+fp/hard/crti.o
 .bss           0x0000000000000000        0x0 /usr/local/arm/gcc-arm-10.3-2021.07-x86_64-arm-none-eabi/bin/../lib/gcc/arm-none-eabi/10.3.1/thumb/v7e-m+fp/hard/crti.o
 .text          0x0000000000000000        0x0 /usr/local/arm/gcc-arm-10.3-2021.07-x86_64-arm-none-eabi/bin/../lib/gcc/arm-none-eabi/10.3.1/thumb/v7e-m+fp/hard/crtbegin.o
[...]
Memory Configuration

Name             Origin             Length             Attributes
FLASH            0x0000000008000000 0x0000000000200000 xr
DTCMRAM          0x0000000020000000 0x0000000000020000 xrw
RAM_D1           0x0000000024000000 0x0000000000080000 xrw
RAM_D2           0x0000000030000000 0x0000000000048000 xrw
RAM_D3           0x0000000038000000 0x0000000000010000 xrw
ITCMRAM          0x0000000000000000 0x0000000000010000 xrw
*default*        0x0000000000000000 0xffffffffffffffff

Linker script and memory map

LOAD /usr/local/arm/gcc-arm-10.3-2021.07-x86_64-arm-none-eabi/bin/../lib/gcc/arm-none-eabi/10.3.1/thumb/v7e-m+fp/hard/crti.o
LOAD /usr/local/arm/gcc-arm-10.3-2021.07-x86_64-arm-none-eabi/bin/../lib/gcc/arm-none-eabi/10.3.1/thumb/v7e-m+fp/hard/crtbegin.o
LOAD /usr/local/arm/gcc-arm-10.3-2021.07-x86_64-arm-none-eabi/bin/../lib/gcc/arm-none-eabi/10.3.1/../../../../arm-none-eabi/lib/thumb/v7e-m+fp/hard/crt0.o
LOAD CMakeFiles/USB_Mouse.elf.dir/Core/Src/main.c.obj
LOAD CMakeFiles/USB_Mouse.elf.dir/Core/Src/stm32h7xx_hal_msp.c.obj
LOAD CMakeFiles/USB_Mouse.elf.dir/Core/Src/stm32h7xx_it.c.obj
LOAD CMakeFiles/USB_Mouse.elf.dir/Core/Src/syscalls.c.obj
LOAD CMakeFiles/USB_Mouse.elf.dir/Core/Src/sysmem.c.obj
LOAD CMakeFiles/USB_Mouse.elf.dir/Core/Src/system_stm32h7xx.c.obj
LOAD CMakeFiles/USB_Mouse.elf.dir/Core/Startup/startup_stm32h743vitx.s.obj
LOAD CMakeFiles/USB_Mouse.elf.dir/Drivers/STM32H7xx_HAL_Driver/Src/stm32h7xx_hal.c.obj
LOAD CMakeFiles/USB_Mouse.elf.dir/Drivers/STM32H7xx_HAL_Driver/Src/stm32h7xx_hal_cortex.c.obj
LOAD CMakeFiles/USB_Mouse.elf.dir/Drivers/STM32H7xx_HAL_Driver/Src/stm32h7xx_hal_dma.c.obj
LOAD CMakeFiles/USB_Mouse.elf.dir/Drivers/STM32H7xx_HAL_Driver/Src/stm32h7xx_hal_dma_ex.c.obj
LOAD CMakeFiles/USB_Mouse.elf.dir/Drivers/STM32H7xx_HAL_Driver/Src/stm32h7xx_hal_exti.c.obj
LOAD CMakeFiles/USB_Mouse.elf.dir/Drivers/STM32H7xx_HAL_Driver/Src/stm32h7xx_hal_flash.c.obj
LOAD CMakeFiles/USB_Mouse.elf.dir/Drivers/STM32H7xx_HAL_Driver/Src/stm32h7xx_hal_flash_ex.c.obj
LOAD CMakeFiles/USB_Mouse.elf.dir/Drivers/STM32H7xx_HAL_Driver/Src/stm32h7xx_hal_gpio.c.obj
LOAD CMakeFiles/USB_Mouse.elf.dir/Drivers/STM32H7xx_HAL_Driver/Src/stm32h7xx_hal_hsem.c.obj
LOAD CMakeFiles/USB_Mouse.elf.dir/Drivers/STM32H7xx_HAL_Driver/Src/stm32h7xx_hal_i2c.c.obj
LOAD CMakeFiles/USB_Mouse.elf.dir/Drivers/STM32H7xx_HAL_Driver/Src/stm32h7xx_hal_i2c_ex.c.obj
LOAD CMakeFiles/USB_Mouse.elf.dir/Drivers/STM32H7xx_HAL_Driver/Src/stm32h7xx_hal_mdma.c.obj
LOAD CMakeFiles/USB_Mouse.elf.dir/Drivers/STM32H7xx_HAL_Driver/Src/stm32h7xx_hal_pcd.c.obj
LOAD CMakeFiles/USB_Mouse.elf.dir/Drivers/STM32H7xx_HAL_Driver/Src/stm32h7xx_hal_pcd_ex.c.obj
LOAD CMakeFiles/USB_Mouse.elf.dir/Drivers/STM32H7xx_HAL_Driver/Src/stm32h7xx_hal_pwr.c.obj
LOAD CMakeFiles/USB_Mouse.elf.dir/Drivers/STM32H7xx_HAL_Driver/Src/stm32h7xx_hal_pwr_ex.c.obj
LOAD CMakeFiles/USB_Mouse.elf.dir/Drivers/STM32H7xx_HAL_Driver/Src/stm32h7xx_hal_rcc.c.obj
LOAD CMakeFiles/USB_Mouse.elf.dir/Drivers/STM32H7xx_HAL_Driver/Src/stm32h7xx_hal_rcc_ex.c.obj
LOAD CMakeFiles/USB_Mouse.elf.dir/Drivers/STM32H7xx_HAL_Driver/Src/stm32h7xx_hal_tim.c.obj
LOAD CMakeFiles/USB_Mouse.elf.dir/Drivers/STM32H7xx_HAL_Driver/Src/stm32h7xx_hal_tim_ex.c.obj
LOAD CMakeFiles/USB_Mouse.elf.dir/Drivers/STM32H7xx_HAL_Driver/Src/stm32h7xx_hal_uart.c.obj
LOAD CMakeFiles/USB_Mouse.elf.dir/Drivers/STM32H7xx_HAL_Driver/Src/stm32h7xx_hal_uart_ex.c.obj
LOAD CMakeFiles/USB_Mouse.elf.dir/Drivers/STM32H7xx_HAL_Driver/Src/stm32h7xx_ll_usb.c.obj
LOAD CMakeFiles/USB_Mouse.elf.dir/Middlewares/ST/STM32_USB_Device_Library/Class/HID/Src/usbd_hid.c.obj
LOAD CMakeFiles/USB_Mouse.elf.dir/Middlewares/ST/STM32_USB_Device_Library/Core/Src/usbd_core.c.obj
LOAD CMakeFiles/USB_Mouse.elf.dir/Middlewares/ST/STM32_USB_Device_Library/Core/Src/usbd_ctlreq.c.obj
LOAD CMakeFiles/USB_Mouse.elf.dir/Middlewares/ST/STM32_USB_Device_Library/Core/Src/usbd_ioreq.c.obj
LOAD CMakeFiles/USB_Mouse.elf.dir/USB_DEVICE/App/usb_device.c.obj
LOAD CMakeFiles/USB_Mouse.elf.dir/USB_DEVICE/App/usbd_desc.c.obj
LOAD CMakeFiles/USB_Mouse.elf.dir/USB_DEVICE/Target/usbd_conf.c.obj
START GROUP
LOAD /usr/local/arm/gcc-arm-10.3-2021.07-x86_64-arm-none-eabi/bin/../lib/gcc/arm-none-eabi/10.3.1/thumb/v7e-m+fp/hard/libgcc.a
LOAD /usr/local/arm/gcc-arm-10.3-2021.07-x86_64-arm-none-eabi/bin/../lib/gcc/arm-none-eabi/10.3.1/../../../../arm-none-eabi/lib/thumb/v7e-m+fp/hard/libg.a
LOAD /usr/local/arm/gcc-arm-10.3-2021.07-x86_64-arm-none-eabi/bin/../lib/gcc/arm-none-eabi/10.3.1/../../../../arm-none-eabi/lib/thumb/v7e-m+fp/hard/libc.a
END GROUP
LOAD /usr/local/arm/gcc-arm-10.3-2021.07-x86_64-arm-none-eabi/bin/../lib/gcc/arm-none-eabi/10.3.1/thumb/v7e-m+fp/hard/crtend.o
LOAD /usr/local/arm/gcc-arm-10.3-2021.07-x86_64-arm-none-eabi/bin/../lib/gcc/arm-none-eabi/10.3.1/thumb/v7e-m+fp/hard/crtn.o
                0x0000000024080000                _estack = (ORIGIN (RAM_D1) + LENGTH (RAM_D1))
                0x0000000000002000                _Min_Heap_Size = 0x2000
                0x0000000000004000                _Min_Stack_Size = 0x4000

.isr_vector     0x0000000008000000      0x298
                0x0000000008000000                . = ALIGN (0x4)
 *(.isr_vector)
 .isr_vector    0x0000000008000000      0x298 CMakeFiles/USB_Mouse.elf.dir/Core/Startup/startup_stm32h743vitx.s.obj
                0x0000000008000000                g_pfnVectors
                0x0000000008000298                . = ALIGN (0x4)

.text           0x0000000008000298     0x6dc0
                0x0000000008000298                . = ALIGN (0x4)
 *(.text)
 .text          0x0000000008000298       0x30 /usr/local/arm/gcc-arm-10.3-2021.07-x86_64-arm-none-eabi/bin/../lib/gcc/arm-none-eabi/10.3.1/thumb/v7e-m+fp/hard/libgcc.a(_aeabi_uldivmod.o)
                0x0000000008000298                __aeabi_uldivmod
 .text          0x00000000080002c8        0x4 /usr/local/arm/gcc-arm-10.3-2021.07-x86_64-arm-none-eabi/bin/../lib/gcc/arm-none-eabi/10.3.1/thumb/v7e-m+fp/hard/libgcc.a(_dvmd_tls.o)
                0x00000000080002c8                __aeabi_ldiv0
                0x00000000080002c8                __aeabi_idiv0
 *(.text*)
 .text.deregister_tm_clones
                0x00000000080002cc       0x1c /usr/local/arm/gcc-arm-10.3-2021.07-x86_64-arm-none-eabi/bin/../lib/gcc/arm-none-eabi/10.3.1/thumb/v7e-m+fp/hard/crtbegin.o
 .text.register_tm_clones
                0x00000000080002e8       0x24 /usr/local/arm/gcc-arm-10.3-2021.07-x86_64-arm-none-eabi/bin/../lib/gcc/arm-none-eabi/10.3.1/thumb/v7e-m+fp/hard/crtbegin.o
 .text.__do_global_dtors_aux
                0x000000000800030c       0x28 /usr/local/arm/gcc-arm-10.3-2021.07-x86_64-arm-none-eabi/bin/../lib/gcc/arm-none-eabi/10.3.1/thumb/v7e-m+fp/hard/crtbegin.o
 .text.frame_dummy
                0x0000000008000334       0x24 /usr/local/arm/gcc-arm-10.3-2021.07-x86_64-arm-none-eabi/bin/../lib/gcc/arm-none-eabi/10.3.1/thumb/v7e-m+fp/hard/crtbegin.o
 .text.MPU_Config
                0x0000000008000358       0x52 CMakeFiles/USB_Mouse.elf.dir/Core/Src/main.c.obj
 *fill*         0x00000000080003aa        0x2 
 .text.MX_GPIO_Init
                0x00000000080003ac       0xe0 CMakeFiles/USB_Mouse.elf.dir/Core/Src/main.c.obj
 .text.MX_DMA_Init
                0x000000000800048c       0x38 CMakeFiles/USB_Mouse.elf.dir/Core/Src/main.c.obj
 .text.Error_Handler
                0x00000000080004c4        0x4 CMakeFiles/USB_Mouse.elf.dir/Core/Src/main.c.obj
                0x00000000080004c4                Error_Handler
 .text.MX_USART1_UART_Init
                0x00000000080004c8       0x60 CMakeFiles/USB_Mouse.elf.dir/Core/Src/main.c.obj
 .text.SystemClock_Config
                0x0000000008000528       0xc0 CMakeFiles/USB_Mouse.elf.dir/Core/Src/main.c.obj
                0x0000000008000528                SystemClock_Config
 .text.main     0x00000000080005e8       0x64 CMakeFiles/USB_Mouse.elf.dir/Core/Src/main.c.obj
                0x00000000080005e8                main
 .text.HAL_MspInit
                0x000000000800064c       0x24 CMakeFiles/USB_Mouse.elf.dir/Core/Src/stm32h7xx_hal_msp.c.obj
                0x000000000800064c                HAL_MspInit
 .text.HAL_UART_MspInit
                0x0000000008000670       0xd4 CMakeFiles/USB_Mouse.elf.dir/Core/Src/stm32h7xx_hal_msp.c.obj
                0x0000000008000670                HAL_UART_MspInit
 .text.NMI_Handler
                0x0000000008000744        0x2 CMakeFiles/USB_Mouse.elf.dir/Core/Src/stm32h7xx_it.c.obj
                0x0000000008000744                NMI_Handler
 .text.HardFault_Handler
                0x0000000008000746        0x2 CMakeFiles/USB_Mouse.elf.dir/Core/Src/stm32h7xx_it.c.obj
                0x0000000008000746                HardFault_Handler
 .text.MemManage_Handler
                0x0000000008000748        0x2 CMakeFiles/USB_Mouse.elf.dir/Core/Src/stm32h7xx_it.c.obj
                0x0000000008000748                MemManage_Handler
 .text.BusFault_Handler
                0x000000000800074a        0x2 CMakeFiles/USB_Mouse.elf.dir/Core/Src/stm32h7xx_it.c.obj
                0x000000000800074a                BusFault_Handler
 .text.UsageFault_Handler
                0x000000000800074c        0x2 CMakeFiles/USB_Mouse.elf.dir/Core/Src/stm32h7xx_it.c.obj
                0x000000000800074c                UsageFault_Handler
 .text.SVC_Handler
                0x000000000800074e        0x2 CMakeFiles/USB_Mouse.elf.dir/Core/Src/stm32h7xx_it.c.obj
                0x000000000800074e                SVC_Handler
 .text.DebugMon_Handler
                0x0000000008000750        0x2 CMakeFiles/USB_Mouse.elf.dir/Core/Src/stm32h7xx_it.c.obj
                0x0000000008000750                DebugMon_Handler
 .text.PendSV_Handler
                0x0000000008000752        0x2 CMakeFiles/USB_Mouse.elf.dir/Core/Src/stm32h7xx_it.c.obj
                0x0000000008000752                PendSV_Handler
 .text.SysTick_Handler
                0x0000000008000754        0x8 CMakeFiles/USB_Mouse.elf.dir/Core/Src/stm32h7xx_it.c.obj
                0x0000000008000754                SysTick_Handler
 .text.DMA1_Stream0_IRQHandler
                0x000000000800075c       0x10 CMakeFiles/USB_Mouse.elf.dir/Core/Src/stm32h7xx_it.c.obj
                0x000000000800075c                DMA1_Stream0_IRQHandler
 .text.OTG_FS_IRQHandler
                0x000000000800076c       0x10 CMakeFiles/USB_Mouse.elf.dir/Core/Src/stm32h7xx_it.c.obj
                0x000000000800076c                OTG_FS_IRQHandler
 .text.SystemInit
                0x000000000800077c       0xcc CMakeFiles/USB_Mouse.elf.dir/Core/Src/system_stm32h7xx.c.obj
                0x000000000800077c                SystemInit
 .text.Reset_Handler
                0x0000000008000848       0x50 CMakeFiles/USB_Mouse.elf.dir/Core/Startup/startup_stm32h743vitx.s.obj
                0x0000000008000848                Reset_Handler
 .text.Default_Handler
                0x0000000008000898        0x2 CMakeFiles/USB_Mouse.elf.dir/Core/Startup/startup_stm32h743vitx.s.obj
                0x0000000008000898                RTC_Alarm_IRQHandler
                0x0000000008000898                EXTI2_IRQHandler
                0x0000000008000898                TIM8_CC_IRQHandler
                0x0000000008000898                HRTIM1_Master_IRQHandler
                0x0000000008000898                UART8_IRQHandler
                0x0000000008000898                SPI4_IRQHandler
                0x0000000008000898                TIM1_CC_IRQHandler
                0x0000000008000898                BDMA_Channel6_IRQHandler
                0x0000000008000898                DMA2_Stream5_IRQHandler
                0x0000000008000898                HRTIM1_FLT_IRQHandler
                0x0000000008000898                JPEG_IRQHandler
                0x0000000008000898                DMA1_Stream5_IRQHandler
                0x0000000008000898                BDMA_Channel1_IRQHandler
                0x0000000008000898                HRTIM1_TIMD_IRQHandler
                0x0000000008000898                TAMP_STAMP_IRQHandler
                0x0000000008000898                EXTI3_IRQHandler
                0x0000000008000898                LPTIM4_IRQHandler
                0x0000000008000898                TIM8_TRG_COM_TIM14_IRQHandler
                0x0000000008000898                LPTIM2_IRQHandler
                0x0000000008000898                DFSDM1_FLT1_IRQHandler
                0x0000000008000898                DMAMUX2_OVR_IRQHandler
                0x0000000008000898                TIM8_UP_TIM13_IRQHandler
                0x0000000008000898                I2C3_ER_IRQHandler
                0x0000000008000898                DFSDM1_FLT2_IRQHandler
                0x0000000008000898                MDMA_IRQHandler
                0x0000000008000898                LPTIM3_IRQHandler
                0x0000000008000898                HSEM1_IRQHandler
                0x0000000008000898                EXTI0_IRQHandler
                0x0000000008000898                I2C2_EV_IRQHandler
                0x0000000008000898                DMA1_Stream2_IRQHandler
                0x0000000008000898                FPU_IRQHandler
                0x0000000008000898                OTG_HS_WKUP_IRQHandler
                0x0000000008000898                FDCAN1_IT1_IRQHandler
                0x0000000008000898                LTDC_ER_IRQHandler
                0x0000000008000898                DMA2_Stream2_IRQHandler
                0x0000000008000898                HRTIM1_TIME_IRQHandler
                0x0000000008000898                SPI1_IRQHandler
                0x0000000008000898                TIM6_DAC_IRQHandler
                0x0000000008000898                DCMI_IRQHandler
                0x0000000008000898                HRTIM1_TIMC_IRQHandler
                0x0000000008000898                DMA2_Stream3_IRQHandler
                0x0000000008000898                SAI2_IRQHandler
                0x0000000008000898                DFSDM1_FLT3_IRQHandler
                0x0000000008000898                USART6_IRQHandler
                0x0000000008000898                TIM17_IRQHandler
                0x0000000008000898                USART3_IRQHandler
                0x0000000008000898                BDMA_Channel7_IRQHandler
                0x0000000008000898                LPTIM5_IRQHandler
                0x0000000008000898                UART5_IRQHandler
                0x0000000008000898                ADC3_IRQHandler
                0x0000000008000898                DMA2_Stream0_IRQHandler
                0x0000000008000898                TIM4_IRQHandler
                0x0000000008000898                BDMA_Channel2_IRQHandler
                0x0000000008000898                QUADSPI_IRQHandler
                0x0000000008000898                I2C1_EV_IRQHandler
                0x0000000008000898                DMA1_Stream6_IRQHandler
                0x0000000008000898                DMAMUX1_OVR_IRQHandler
                0x0000000008000898                DMA1_Stream1_IRQHandler
                0x0000000008000898                TIM16_IRQHandler
                0x0000000008000898                UART4_IRQHandler
                0x0000000008000898                BDMA_Channel5_IRQHandler
                0x0000000008000898                TIM3_IRQHandler
                0x0000000008000898                RCC_IRQHandler
                0x0000000008000898                TIM8_BRK_TIM12_IRQHandler
                0x0000000008000898                TIM1_TRG_COM_IRQHandler
                0x0000000008000898                Default_Handler
                0x0000000008000898                ECC_IRQHandler
                0x0000000008000898                CEC_IRQHandler
                0x0000000008000898                EXTI15_10_IRQHandler
                0x0000000008000898                BDMA_Channel0_IRQHandler
                0x0000000008000898                ADC_IRQHandler
                0x0000000008000898                DMA1_Stream7_IRQHandler
                0x0000000008000898                HRTIM1_TIMA_IRQHandler
                0x0000000008000898                SPI5_IRQHandler
                0x0000000008000898                TIM7_IRQHandler
                0x0000000008000898                SDMMC1_IRQHandler
                0x0000000008000898                TIM5_IRQHandler
                0x0000000008000898                DMA2_Stream7_IRQHandler
                0x0000000008000898                TIM15_IRQHandler
                0x0000000008000898                PVD_AVD_IRQHandler
                0x0000000008000898                I2C3_EV_IRQHandler
                0x0000000008000898                EXTI9_5_IRQHandler
                0x0000000008000898                RTC_WKUP_IRQHandler
                0x0000000008000898                LTDC_IRQHandler
                0x0000000008000898                SAI3_IRQHandler
                0x0000000008000898                ETH_WKUP_IRQHandler
                0x0000000008000898                SPDIF_RX_IRQHandler
                0x0000000008000898                SPI2_IRQHandler
                0x0000000008000898                OTG_HS_EP1_IN_IRQHandler
                0x0000000008000898                CRS_IRQHandler
                0x0000000008000898                EXTI4_IRQHandler
                0x0000000008000898                RNG_IRQHandler
                0x0000000008000898                HRTIM1_TIMB_IRQHandler
                0x0000000008000898                FDCAN2_IT1_IRQHandler
                0x0000000008000898                ETH_IRQHandler
                0x0000000008000898                TIM1_UP_IRQHandler
                0x0000000008000898                BDMA_Channel4_IRQHandler
                0x0000000008000898                OTG_HS_EP1_OUT_IRQHandler
                0x0000000008000898                WWDG_IRQHandler
                0x0000000008000898                SPI6_IRQHandler
                0x0000000008000898                MDIOS_IRQHandler
                0x0000000008000898                I2C4_EV_IRQHandler
                0x0000000008000898                FDCAN2_IT0_IRQHandler
                0x0000000008000898                LPUART1_IRQHandler
                0x0000000008000898                FDCAN1_IT0_IRQHandler
                0x0000000008000898                TIM2_IRQHandler
                0x0000000008000898                OTG_FS_WKUP_IRQHandler
                0x0000000008000898                OTG_HS_IRQHandler
                0x0000000008000898                DMA2D_IRQHandler
                0x0000000008000898                TIM1_BRK_IRQHandler
                0x0000000008000898                EXTI1_IRQHandler
                0x0000000008000898                SDMMC2_IRQHandler
                0x0000000008000898                OTG_FS_EP1_OUT_IRQHandler
                0x0000000008000898                BDMA_Channel3_IRQHandler
                0x0000000008000898                UART7_IRQHandler
                0x0000000008000898                MDIOS_WKUP_IRQHandler
                0x0000000008000898                USART2_IRQHandler
                0x0000000008000898                DFSDM1_FLT0_IRQHandler
                0x0000000008000898                SAI4_IRQHandler
                0x0000000008000898                I2C2_ER_IRQHandler
                0x0000000008000898                DMA2_Stream1_IRQHandler
                0x0000000008000898                FLASH_IRQHandler
                0x0000000008000898                DMA2_Stream4_IRQHandler
                0x0000000008000898                USART1_IRQHandler
                0x0000000008000898                SPI3_IRQHandler
                0x0000000008000898                WAKEUP_PIN_IRQHandler
                0x0000000008000898                DMA1_Stream4_IRQHandler
                0x0000000008000898                OTG_FS_EP1_IN_IRQHandler
                0x0000000008000898                I2C1_ER_IRQHandler
                0x0000000008000898                FMC_IRQHandler
                0x0000000008000898                FDCAN_CAL_IRQHandler
                0x0000000008000898                SWPMI1_IRQHandler
                0x0000000008000898                COMP1_IRQHandler
                0x0000000008000898                LPTIM1_IRQHandler
                0x0000000008000898                I2C4_ER_IRQHandler
                0x0000000008000898                DMA2_Stream6_IRQHandler
                0x0000000008000898                SAI1_IRQHandler
                0x0000000008000898                DMA1_Stream3_IRQHandler
 *fill*         0x000000000800089a        0x2 
 .text.HAL_InitTick
                0x000000000800089c       0x50 CMakeFiles/USB_Mouse.elf.dir/Drivers/STM32H7xx_HAL_Driver/Src/stm32h7xx_hal.c.obj
                0x000000000800089c                HAL_InitTick
 .text.HAL_Init
                0x00000000080008ec       0x5c CMakeFiles/USB_Mouse.elf.dir/Drivers/STM32H7xx_HAL_Driver/Src/stm32h7xx_hal.c.obj
                0x00000000080008ec                HAL_Init
 .text.HAL_IncTick
                0x0000000008000948       0x18 CMakeFiles/USB_Mouse.elf.dir/Drivers/STM32H7xx_HAL_Driver/Src/stm32h7xx_hal.c.obj
                0x0000000008000948                HAL_IncTick
 .text.HAL_GetTick
                0x0000000008000960        0xc CMakeFiles/USB_Mouse.elf.dir/Drivers/STM32H7xx_HAL_Driver/Src/stm32h7xx_hal.c.obj
                0x0000000008000960                HAL_GetTick
 .text.HAL_Delay
                0x000000000800096c       0x28 CMakeFiles/USB_Mouse.elf.dir/Drivers/STM32H7xx_HAL_Driver/Src/stm32h7xx_hal.c.obj
                0x000000000800096c                HAL_Delay
 .text.HAL_GetREVID
                0x0000000008000994        0xc CMakeFiles/USB_Mouse.elf.dir/Drivers/STM32H7xx_HAL_Driver/Src/stm32h7xx_hal.c.obj
                0x0000000008000994                HAL_GetREVID
 .text.HAL_NVIC_SetPriorityGrouping
                0x00000000080009a0       0x24 CMakeFiles/USB_Mouse.elf.dir/Drivers/STM32H7xx_HAL_Driver/Src/stm32h7xx_hal_cortex.c.obj
                0x00000000080009a0                HAL_NVIC_SetPriorityGrouping
 .text.HAL_NVIC_SetPriority
                0x00000000080009c4       0x6c CMakeFiles/USB_Mouse.elf.dir/Drivers/STM32H7xx_HAL_Driver/Src/stm32h7xx_hal_cortex.c.obj
                0x00000000080009c4                HAL_NVIC_SetPriority
 .text.HAL_NVIC_EnableIRQ
                0x0000000008000a30       0x1c CMakeFiles/USB_Mouse.elf.dir/Drivers/STM32H7xx_HAL_Driver/Src/stm32h7xx_hal_cortex.c.obj
                0x0000000008000a30                HAL_NVIC_EnableIRQ
 .text.HAL_SYSTICK_Config
                0x0000000008000a4c       0x28 CMakeFiles/USB_Mouse.elf.dir/Drivers/STM32H7xx_HAL_Driver/Src/stm32h7xx_hal_cortex.c.obj
                0x0000000008000a4c                HAL_SYSTICK_Config
 .text.HAL_MPU_Disable
                0x0000000008000a74       0x1c CMakeFiles/USB_Mouse.elf.dir/Drivers/STM32H7xx_HAL_Driver/Src/stm32h7xx_hal_cortex.c.obj
                0x0000000008000a74                HAL_MPU_Disable
 .text.HAL_MPU_Enable
                0x0000000008000a90       0x20 CMakeFiles/USB_Mouse.elf.dir/Drivers/STM32H7xx_HAL_Driver/Src/stm32h7xx_hal_cortex.c.obj
                0x0000000008000a90                HAL_MPU_Enable
 .text.HAL_MPU_ConfigRegion
                0x0000000008000ab0       0x60 CMakeFiles/USB_Mouse.elf.dir/Drivers/STM32H7xx_HAL_Driver/Src/stm32h7xx_hal_cortex.c.obj
                0x0000000008000ab0                HAL_MPU_ConfigRegion
 .text.DMA_CalcBaseAndBitshift
                0x0000000008000b10       0xb4 CMakeFiles/USB_Mouse.elf.dir/Drivers/STM32H7xx_HAL_Driver/Src/stm32h7xx_hal_dma.c.obj
 .text.DMA_CheckFifoParam
                0x0000000008000bc4       0x92 CMakeFiles/USB_Mouse.elf.dir/Drivers/STM32H7xx_HAL_Driver/Src/stm32h7xx_hal_dma.c.obj
 *fill*         0x0000000008000c56        0x2 
 .text.DMA_CalcDMAMUXChannelBaseAndMask
                0x0000000008000c58       0xb0 CMakeFiles/USB_Mouse.elf.dir/Drivers/STM32H7xx_HAL_Driver/Src/stm32h7xx_hal_dma.c.obj
 .text.DMA_CalcDMAMUXRequestGenBaseAndMask
                0x0000000008000d08       0x7c CMakeFiles/USB_Mouse.elf.dir/Drivers/STM32H7xx_HAL_Driver/Src/stm32h7xx_hal_dma.c.obj
 .text.HAL_DMA_Init
                0x0000000008000d84      0x3a4 CMakeFiles/USB_Mouse.elf.dir/Drivers/STM32H7xx_HAL_Driver/Src/stm32h7xx_hal_dma.c.obj
                0x0000000008000d84                HAL_DMA_Init
 .text.HAL_DMA_IRQHandler
                0x0000000008001128      0x738 CMakeFiles/USB_Mouse.elf.dir/Drivers/STM32H7xx_HAL_Driver/Src/stm32h7xx_hal_dma.c.obj
                0x0000000008001128                HAL_DMA_IRQHandler
 .text.HAL_GPIO_Init
                0x0000000008001860      0x220 CMakeFiles/USB_Mouse.elf.dir/Drivers/STM32H7xx_HAL_Driver/Src/stm32h7xx_hal_gpio.c.obj
                0x0000000008001860                HAL_GPIO_Init
 .text.HAL_GPIO_ReadPin
                0x0000000008001a80        0xe CMakeFiles/USB_Mouse.elf.dir/Drivers/STM32H7xx_HAL_Driver/Src/stm32h7xx_hal_gpio.c.obj
                0x0000000008001a80                HAL_GPIO_ReadPin
 .text.HAL_GPIO_WritePin
                0x0000000008001a8e        0xc CMakeFiles/USB_Mouse.elf.dir/Drivers/STM32H7xx_HAL_Driver/Src/stm32h7xx_hal_gpio.c.obj
                0x0000000008001a8e                HAL_GPIO_WritePin
 .text.PCD_WriteEmptyTxFifo
                0x0000000008001a9a       0xd0 CMakeFiles/USB_Mouse.elf.dir/Drivers/STM32H7xx_HAL_Driver/Src/stm32h7xx_hal_pcd.c.obj
 .text.HAL_PCD_Init
                0x0000000008001b6a      0x13c CMakeFiles/USB_Mouse.elf.dir/Drivers/STM32H7xx_HAL_Driver/Src/stm32h7xx_hal_pcd.c.obj
                0x0000000008001b6a                HAL_PCD_Init
 .text.HAL_PCD_Start
                0x0000000008001ca6       0x44 CMakeFiles/USB_Mouse.elf.dir/Drivers/STM32H7xx_HAL_Driver/Src/stm32h7xx_hal_pcd.c.obj
                0x0000000008001ca6                HAL_PCD_Start
 *fill*         0x0000000008001cea        0x2 
 .text.PCD_EP_OutXfrComplete_int
                0x0000000008001cec      0x104 CMakeFiles/USB_Mouse.elf.dir/Drivers/STM32H7xx_HAL_Driver/Src/stm32h7xx_hal_pcd.c.obj
 .text.PCD_EP_OutSetupPacket_int
                0x0000000008001df0       0x50 CMakeFiles/USB_Mouse.elf.dir/Drivers/STM32H7xx_HAL_Driver/Src/stm32h7xx_hal_pcd.c.obj
 .text.HAL_PCD_SetAddress
                0x0000000008001e40       0x28 CMakeFiles/USB_Mouse.elf.dir/Drivers/STM32H7xx_HAL_Driver/Src/stm32h7xx_hal_pcd.c.obj
                0x0000000008001e40                HAL_PCD_SetAddress
 .text.HAL_PCD_EP_Open
                0x0000000008001e68       0x8a CMakeFiles/USB_Mouse.elf.dir/Drivers/STM32H7xx_HAL_Driver/Src/stm32h7xx_hal_pcd.c.obj
                0x0000000008001e68                HAL_PCD_EP_Open
 .text.HAL_PCD_EP_Close
                0x0000000008001ef2       0x72 CMakeFiles/USB_Mouse.elf.dir/Drivers/STM32H7xx_HAL_Driver/Src/stm32h7xx_hal_pcd.c.obj
                0x0000000008001ef2                HAL_PCD_EP_Close
 .text.HAL_PCD_EP_Receive
                0x0000000008001f64       0x4a CMakeFiles/USB_Mouse.elf.dir/Drivers/STM32H7xx_HAL_Driver/Src/stm32h7xx_hal_pcd.c.obj
                0x0000000008001f64                HAL_PCD_EP_Receive
 .text.HAL_PCD_EP_Transmit
                0x0000000008001fae       0x4a CMakeFiles/USB_Mouse.elf.dir/Drivers/STM32H7xx_HAL_Driver/Src/stm32h7xx_hal_pcd.c.obj
                0x0000000008001fae                HAL_PCD_EP_Transmit
 .text.HAL_PCD_EP_SetStall
                0x0000000008001ff8       0x88 CMakeFiles/USB_Mouse.elf.dir/Drivers/STM32H7xx_HAL_Driver/Src/stm32h7xx_hal_pcd.c.obj
                0x0000000008001ff8                HAL_PCD_EP_SetStall
 .text.HAL_PCD_EP_ClrStall
                0x0000000008002080       0x76 CMakeFiles/USB_Mouse.elf.dir/Drivers/STM32H7xx_HAL_Driver/Src/stm32h7xx_hal_pcd.c.obj
                0x0000000008002080                HAL_PCD_EP_ClrStall
 .text.HAL_PCD_EP_Abort
                0x00000000080020f6       0x34 CMakeFiles/USB_Mouse.elf.dir/Drivers/STM32H7xx_HAL_Driver/Src/stm32h7xx_hal_pcd.c.obj
                0x00000000080020f6                HAL_PCD_EP_Abort
 .text.HAL_PCD_IRQHandler
                0x000000000800212a      0x606 CMakeFiles/USB_Mouse.elf.dir/Drivers/STM32H7xx_HAL_Driver/Src/stm32h7xx_hal_pcd.c.obj
                0x000000000800212a                HAL_PCD_IRQHandler
 .text.HAL_PCDEx_SetTxFiFo
                0x0000000008002730       0x4c CMakeFiles/USB_Mouse.elf.dir/Drivers/STM32H7xx_HAL_Driver/Src/stm32h7xx_hal_pcd_ex.c.obj
                0x0000000008002730                HAL_PCDEx_SetTxFiFo
 .text.HAL_PCDEx_SetRxFiFo
                0x000000000800277c        0x8 CMakeFiles/USB_Mouse.elf.dir/Drivers/STM32H7xx_HAL_Driver/Src/stm32h7xx_hal_pcd_ex.c.obj
                0x000000000800277c                HAL_PCDEx_SetRxFiFo
 .text.HAL_PCDEx_ActivateLPM
                0x0000000008002784       0x28 CMakeFiles/USB_Mouse.elf.dir/Drivers/STM32H7xx_HAL_Driver/Src/stm32h7xx_hal_pcd_ex.c.obj
                0x0000000008002784                HAL_PCDEx_ActivateLPM
 .text.HAL_PCDEx_LPM_Callback
                0x00000000080027ac        0x2 CMakeFiles/USB_Mouse.elf.dir/Drivers/STM32H7xx_HAL_Driver/Src/stm32h7xx_hal_pcd_ex.c.obj
                0x00000000080027ac                HAL_PCDEx_LPM_Callback
 *fill*         0x00000000080027ae        0x2 
 .text.HAL_PWREx_ConfigSupply
                0x00000000080027b0       0x54 CMakeFiles/USB_Mouse.elf.dir/Drivers/STM32H7xx_HAL_Driver/Src/stm32h7xx_hal_pwr_ex.c.obj
                0x00000000080027b0                HAL_PWREx_ConfigSupply
 .text.HAL_PWREx_EnableUSBVoltageDetector
                0x0000000008002804       0x10 CMakeFiles/USB_Mouse.elf.dir/Drivers/STM32H7xx_HAL_Driver/Src/stm32h7xx_hal_pwr_ex.c.obj
                0x0000000008002804                HAL_PWREx_EnableUSBVoltageDetector
 .text.HAL_RCC_OscConfig
                0x0000000008002814      0x6b4 CMakeFiles/USB_Mouse.elf.dir/Drivers/STM32H7xx_HAL_Driver/Src/stm32h7xx_hal_rcc.c.obj
                0x0000000008002814                HAL_RCC_OscConfig
 .text.HAL_RCC_GetSysClockFreq
                0x0000000008002ec8      0x1f4 CMakeFiles/USB_Mouse.elf.dir/Drivers/STM32H7xx_HAL_Driver/Src/stm32h7xx_hal_rcc.c.obj
                0x0000000008002ec8                HAL_RCC_GetSysClockFreq
 .text.HAL_RCC_ClockConfig
                0x00000000080030bc      0x294 CMakeFiles/USB_Mouse.elf.dir/Drivers/STM32H7xx_HAL_Driver/Src/stm32h7xx_hal_rcc.c.obj
                0x00000000080030bc                HAL_RCC_ClockConfig
 .text.HAL_RCC_GetHCLKFreq
                0x0000000008003350       0x44 CMakeFiles/USB_Mouse.elf.dir/Drivers/STM32H7xx_HAL_Driver/Src/stm32h7xx_hal_rcc.c.obj
                0x0000000008003350                HAL_RCC_GetHCLKFreq
 .text.HAL_RCC_GetPCLK1Freq
                0x0000000008003394       0x24 CMakeFiles/USB_Mouse.elf.dir/Drivers/STM32H7xx_HAL_Driver/Src/stm32h7xx_hal_rcc.c.obj
                0x0000000008003394                HAL_RCC_GetPCLK1Freq
 .text.HAL_RCC_GetPCLK2Freq
                0x00000000080033b8       0x24 CMakeFiles/USB_Mouse.elf.dir/Drivers/STM32H7xx_HAL_Driver/Src/stm32h7xx_hal_rcc.c.obj
                0x00000000080033b8                HAL_RCC_GetPCLK2Freq
 .text.RCCEx_PLL2_Config
                0x00000000080033dc      0x10c CMakeFiles/USB_Mouse.elf.dir/Drivers/STM32H7xx_HAL_Driver/Src/stm32h7xx_hal_rcc_ex.c.obj
 .text.RCCEx_PLL3_Config
                0x00000000080034e8      0x10c CMakeFiles/USB_Mouse.elf.dir/Drivers/STM32H7xx_HAL_Driver/Src/stm32h7xx_hal_rcc_ex.c.obj
 .text.HAL_RCCEx_PeriphCLKConfig
                0x00000000080035f4      0xa8c CMakeFiles/USB_Mouse.elf.dir/Drivers/STM32H7xx_HAL_Driver/Src/stm32h7xx_hal_rcc_ex.c.obj
                0x00000000080035f4                HAL_RCCEx_PeriphCLKConfig
 .text.HAL_RCCEx_GetD3PCLK1Freq
                0x0000000008004080       0x24 CMakeFiles/USB_Mouse.elf.dir/Drivers/STM32H7xx_HAL_Driver/Src/stm32h7xx_hal_rcc_ex.c.obj
                0x0000000008004080                HAL_RCCEx_GetD3PCLK1Freq
 .text.HAL_RCCEx_GetPLL2ClockFreq
                0x00000000080040a4      0x1f8 CMakeFiles/USB_Mouse.elf.dir/Drivers/STM32H7xx_HAL_Driver/Src/stm32h7xx_hal_rcc_ex.c.obj
                0x00000000080040a4                HAL_RCCEx_GetPLL2ClockFreq
 .text.HAL_RCCEx_GetPLL3ClockFreq
                0x000000000800429c      0x1f8 CMakeFiles/USB_Mouse.elf.dir/Drivers/STM32H7xx_HAL_Driver/Src/stm32h7xx_hal_rcc_ex.c.obj
                0x000000000800429c                HAL_RCCEx_GetPLL3ClockFreq
 .text.UART_EndRxTransfer
                0x0000000008004494       0x58 CMakeFiles/USB_Mouse.elf.dir/Drivers/STM32H7xx_HAL_Driver/Src/stm32h7xx_hal_uart.c.obj
 .text.UART_SetConfig
                0x00000000080044ec      0x5f4 CMakeFiles/USB_Mouse.elf.dir/Drivers/STM32H7xx_HAL_Driver/Src/stm32h7xx_hal_uart.c.obj
                0x00000000080044ec                UART_SetConfig
 .text.UART_AdvFeatureConfig
                0x0000000008004ae0       0xca CMakeFiles/USB_Mouse.elf.dir/Drivers/STM32H7xx_HAL_Driver/Src/stm32h7xx_hal_uart.c.obj
                0x0000000008004ae0                UART_AdvFeatureConfig
 .text.UART_WaitOnFlagUntilTimeout
                0x0000000008004baa       0x9a CMakeFiles/USB_Mouse.elf.dir/Drivers/STM32H7xx_HAL_Driver/Src/stm32h7xx_hal_uart.c.obj
                0x0000000008004baa                UART_WaitOnFlagUntilTimeout
 .text.UART_CheckIdleState
                0x0000000008004c44       0xca CMakeFiles/USB_Mouse.elf.dir/Drivers/STM32H7xx_HAL_Driver/Src/stm32h7xx_hal_uart.c.obj
                0x0000000008004c44                UART_CheckIdleState
 .text.HAL_UART_Init
                0x0000000008004d0e       0x66 CMakeFiles/USB_Mouse.elf.dir/Drivers/STM32H7xx_HAL_Driver/Src/stm32h7xx_hal_uart.c.obj
                0x0000000008004d0e                HAL_UART_Init
 .text.UARTEx_SetNbDataToProcess
                0x0000000008004d74       0x4c CMakeFiles/USB_Mouse.elf.dir/Drivers/STM32H7xx_HAL_Driver/Src/stm32h7xx_hal_uart_ex.c.obj
 .text.HAL_UARTEx_DisableFifoMode
                0x0000000008004dc0       0x3e CMakeFiles/USB_Mouse.elf.dir/Drivers/STM32H7xx_HAL_Driver/Src/stm32h7xx_hal_uart_ex.c.obj
                0x0000000008004dc0                HAL_UARTEx_DisableFifoMode
 .text.HAL_UARTEx_SetTxFifoThreshold
                0x0000000008004dfe       0x4a CMakeFiles/USB_Mouse.elf.dir/Drivers/STM32H7xx_HAL_Driver/Src/stm32h7xx_hal_uart_ex.c.obj
                0x0000000008004dfe                HAL_UARTEx_SetTxFifoThreshold
 .text.HAL_UARTEx_SetRxFifoThreshold
                0x0000000008004e48       0x4a CMakeFiles/USB_Mouse.elf.dir/Drivers/STM32H7xx_HAL_Driver/Src/stm32h7xx_hal_uart_ex.c.obj
                0x0000000008004e48                HAL_UARTEx_SetRxFifoThreshold
 *fill*         0x0000000008004e92        0x2 
 .text.USB_CoreReset
                0x0000000008004e94       0x50 CMakeFiles/USB_Mouse.elf.dir/Drivers/STM32H7xx_HAL_Driver/Src/stm32h7xx_ll_usb.c.obj
 .text.USB_CoreInit
                0x0000000008004ee4       0x9c CMakeFiles/USB_Mouse.elf.dir/Drivers/STM32H7xx_HAL_Driver/Src/stm32h7xx_ll_usb.c.obj
                0x0000000008004ee4                USB_CoreInit
 .text.USB_SetTurnaroundTime
                0x0000000008004f80       0xe4 CMakeFiles/USB_Mouse.elf.dir/Drivers/STM32H7xx_HAL_Driver/Src/stm32h7xx_ll_usb.c.obj
                0x0000000008004f80                USB_SetTurnaroundTime
 .text.USB_EnableGlobalInt
                0x0000000008005064        0xc CMakeFiles/USB_Mouse.elf.dir/Drivers/STM32H7xx_HAL_Driver/Src/stm32h7xx_ll_usb.c.obj
                0x0000000008005064                USB_EnableGlobalInt
 .text.USB_DisableGlobalInt
                0x0000000008005070        0xc CMakeFiles/USB_Mouse.elf.dir/Drivers/STM32H7xx_HAL_Driver/Src/stm32h7xx_ll_usb.c.obj
                0x0000000008005070                USB_DisableGlobalInt
 .text.USB_FlushTxFifo
                0x000000000800507c       0x50 CMakeFiles/USB_Mouse.elf.dir/Drivers/STM32H7xx_HAL_Driver/Src/stm32h7xx_ll_usb.c.obj
                0x000000000800507c                USB_FlushTxFifo
 .text.USB_FlushRxFifo
                0x00000000080050cc       0x4c CMakeFiles/USB_Mouse.elf.dir/Drivers/STM32H7xx_HAL_Driver/Src/stm32h7xx_ll_usb.c.obj
                0x00000000080050cc                USB_FlushRxFifo
 .text.USB_SetDevSpeed
                0x0000000008005118        0xe CMakeFiles/USB_Mouse.elf.dir/Drivers/STM32H7xx_HAL_Driver/Src/stm32h7xx_ll_usb.c.obj
                0x0000000008005118                USB_SetDevSpeed
 *fill*         0x0000000008005126        0x2 
 .text.USB_DevInit
                0x0000000008005128      0x188 CMakeFiles/USB_Mouse.elf.dir/Drivers/STM32H7xx_HAL_Driver/Src/stm32h7xx_ll_usb.c.obj
                0x0000000008005128                USB_DevInit
 .text.USB_GetDevSpeed
                0x00000000080052b0       0x1e CMakeFiles/USB_Mouse.elf.dir/Drivers/STM32H7xx_HAL_Driver/Src/stm32h7xx_ll_usb.c.obj
                0x00000000080052b0                USB_GetDevSpeed
 *fill*         0x00000000080052ce        0x2 
 .text.USB_ActivateEndpoint
                0x00000000080052d0       0x9c CMakeFiles/USB_Mouse.elf.dir/Drivers/STM32H7xx_HAL_Driver/Src/stm32h7xx_ll_usb.c.obj
                0x00000000080052d0                USB_ActivateEndpoint
 .text.USB_DeactivateEndpoint
                0x000000000800536c       0xe0 CMakeFiles/USB_Mouse.elf.dir/Drivers/STM32H7xx_HAL_Driver/Src/stm32h7xx_ll_usb.c.obj
                0x000000000800536c                USB_DeactivateEndpoint
 .text.USB_EPStopXfer
                0x000000000800544c       0xbe CMakeFiles/USB_Mouse.elf.dir/Drivers/STM32H7xx_HAL_Driver/Src/stm32h7xx_ll_usb.c.obj
                0x000000000800544c                USB_EPStopXfer
 .text.USB_WritePacket
                0x000000000800550a       0x2e CMakeFiles/USB_Mouse.elf.dir/Drivers/STM32H7xx_HAL_Driver/Src/stm32h7xx_ll_usb.c.obj
                0x000000000800550a                USB_WritePacket
 .text.USB_EPStartXfer
                0x0000000008005538      0x23c CMakeFiles/USB_Mouse.elf.dir/Drivers/STM32H7xx_HAL_Driver/Src/stm32h7xx_ll_usb.c.obj
                0x0000000008005538                USB_EPStartXfer
 .text.USB_ReadPacket
                0x0000000008005774       0x54 CMakeFiles/USB_Mouse.elf.dir/Drivers/STM32H7xx_HAL_Driver/Src/stm32h7xx_ll_usb.c.obj
                0x0000000008005774                USB_ReadPacket
 .text.USB_EPSetStall
                0x00000000080057c8       0x5a CMakeFiles/USB_Mouse.elf.dir/Drivers/STM32H7xx_HAL_Driver/Src/stm32h7xx_ll_usb.c.obj
                0x00000000080057c8                USB_EPSetStall
 .text.USB_EPClearStall
                0x0000000008005822       0x5c CMakeFiles/USB_Mouse.elf.dir/Drivers/STM32H7xx_HAL_Driver/Src/stm32h7xx_ll_usb.c.obj
                0x0000000008005822                USB_EPClearStall
 .text.USB_SetDevAddress
                0x000000000800587e       0x20 CMakeFiles/USB_Mouse.elf.dir/Drivers/STM32H7xx_HAL_Driver/Src/stm32h7xx_ll_usb.c.obj
                0x000000000800587e                USB_SetDevAddress
 .text.USB_DevConnect
                0x000000000800589e       0x1c CMakeFiles/USB_Mouse.elf.dir/Drivers/STM32H7xx_HAL_Driver/Src/stm32h7xx_ll_usb.c.obj
                0x000000000800589e                USB_DevConnect
 .text.USB_DevDisconnect
                0x00000000080058ba       0x1c CMakeFiles/USB_Mouse.elf.dir/Drivers/STM32H7xx_HAL_Driver/Src/stm32h7xx_ll_usb.c.obj
                0x00000000080058ba                USB_DevDisconnect
 .text.USB_ReadInterrupts
                0x00000000080058d6        0x8 CMakeFiles/USB_Mouse.elf.dir/Drivers/STM32H7xx_HAL_Driver/Src/stm32h7xx_ll_usb.c.obj
                0x00000000080058d6                USB_ReadInterrupts
 .text.USB_ReadDevAllOutEpInterrupt
                0x00000000080058de       0x10 CMakeFiles/USB_Mouse.elf.dir/Drivers/STM32H7xx_HAL_Driver/Src/stm32h7xx_ll_usb.c.obj
                0x00000000080058de                USB_ReadDevAllOutEpInterrupt
 .text.USB_ReadDevAllInEpInterrupt
                0x00000000080058ee       0x10 CMakeFiles/USB_Mouse.elf.dir/Drivers/STM32H7xx_HAL_Driver/Src/stm32h7xx_ll_usb.c.obj
                0x00000000080058ee                USB_ReadDevAllInEpInterrupt
 .text.USB_ReadDevOutEPInterrupt
                0x00000000080058fe       0x12 CMakeFiles/USB_Mouse.elf.dir/Drivers/STM32H7xx_HAL_Driver/Src/stm32h7xx_ll_usb.c.obj
                0x00000000080058fe                USB_ReadDevOutEPInterrupt
 .text.USB_ReadDevInEPInterrupt
                0x0000000008005910       0x28 CMakeFiles/USB_Mouse.elf.dir/Drivers/STM32H7xx_HAL_Driver/Src/stm32h7xx_ll_usb.c.obj
                0x0000000008005910                USB_ReadDevInEPInterrupt
 .text.USB_GetMode
                0x0000000008005938        0x8 CMakeFiles/USB_Mouse.elf.dir/Drivers/STM32H7xx_HAL_Driver/Src/stm32h7xx_ll_usb.c.obj
                0x0000000008005938                USB_GetMode
 .text.USB_SetCurrentMode
                0x0000000008005940       0x62 CMakeFiles/USB_Mouse.elf.dir/Drivers/STM32H7xx_HAL_Driver/Src/stm32h7xx_ll_usb.c.obj
                0x0000000008005940                USB_SetCurrentMode
 *fill*         0x00000000080059a2        0x2 
 .text.USB_ActivateSetup
                0x00000000080059a4       0x20 CMakeFiles/USB_Mouse.elf.dir/Drivers/STM32H7xx_HAL_Driver/Src/stm32h7xx_ll_usb.c.obj
                0x00000000080059a4                USB_ActivateSetup
 .text.USB_EP0_OutStart
                0x00000000080059c4       0x60 CMakeFiles/USB_Mouse.elf.dir/Drivers/STM32H7xx_HAL_Driver/Src/stm32h7xx_ll_usb.c.obj
                0x00000000080059c4                USB_EP0_OutStart
 .text.USBD_HID_DataIn
                0x0000000008005a24       0x10 CMakeFiles/USB_Mouse.elf.dir/Middlewares/ST/STM32_USB_Device_Library/Class/HID/Src/usbd_hid.c.obj
 .text.USBD_HID_GetDeviceQualifierDesc
                0x0000000008005a34        0xc CMakeFiles/USB_Mouse.elf.dir/Middlewares/ST/STM32_USB_Device_Library/Class/HID/Src/usbd_hid.c.obj
 .text.USBD_HID_GetOtherSpeedCfgDesc
                0x0000000008005a40       0x20 CMakeFiles/USB_Mouse.elf.dir/Middlewares/ST/STM32_USB_Device_Library/Class/HID/Src/usbd_hid.c.obj
 .text.USBD_HID_GetFSCfgDesc
                0x0000000008005a60       0x20 CMakeFiles/USB_Mouse.elf.dir/Middlewares/ST/STM32_USB_Device_Library/Class/HID/Src/usbd_hid.c.obj
 .text.USBD_HID_GetHSCfgDesc
                0x0000000008005a80       0x20 CMakeFiles/USB_Mouse.elf.dir/Middlewares/ST/STM32_USB_Device_Library/Class/HID/Src/usbd_hid.c.obj
 .text.USBD_HID_Setup
                0x0000000008005aa0      0x12c CMakeFiles/USB_Mouse.elf.dir/Middlewares/ST/STM32_USB_Device_Library/Class/HID/Src/usbd_hid.c.obj
 .text.USBD_HID_DeInit
                0x0000000008005bcc       0x30 CMakeFiles/USB_Mouse.elf.dir/Middlewares/ST/STM32_USB_Device_Library/Class/HID/Src/usbd_hid.c.obj
 .text.USBD_HID_Init
                0x0000000008005bfc       0x50 CMakeFiles/USB_Mouse.elf.dir/Middlewares/ST/STM32_USB_Device_Library/Class/HID/Src/usbd_hid.c.obj
 .text.USBD_HID_SendReport
                0x0000000008005c4c       0x44 CMakeFiles/USB_Mouse.elf.dir/Middlewares/ST/STM32_USB_Device_Library/Class/HID/Src/usbd_hid.c.obj
                0x0000000008005c4c                USBD_HID_SendReport
 .text.USBD_Init
                0x0000000008005c90       0x2e CMakeFiles/USB_Mouse.elf.dir/Middlewares/ST/STM32_USB_Device_Library/Core/Src/usbd_core.c.obj
                0x0000000008005c90                USBD_Init
 .text.USBD_RegisterClass
                0x0000000008005cbe       0x34 CMakeFiles/USB_Mouse.elf.dir/Middlewares/ST/STM32_USB_Device_Library/Core/Src/usbd_core.c.obj
                0x0000000008005cbe                USBD_RegisterClass
 .text.USBD_Start
                0x0000000008005cf2        0x8 CMakeFiles/USB_Mouse.elf.dir/Middlewares/ST/STM32_USB_Device_Library/Core/Src/usbd_core.c.obj
                0x0000000008005cf2                USBD_Start
 .text.USBD_SetClassConfig
                0x0000000008005cfa       0x12 CMakeFiles/USB_Mouse.elf.dir/Middlewares/ST/STM32_USB_Device_Library/Core/Src/usbd_core.c.obj
                0x0000000008005cfa                USBD_SetClassConfig
 .text.USBD_ClrClassConfig
                0x0000000008005d0c       0x12 CMakeFiles/USB_Mouse.elf.dir/Middlewares/ST/STM32_USB_Device_Library/Core/Src/usbd_core.c.obj
                0x0000000008005d0c                USBD_ClrClassConfig
 .text.USBD_LL_SetupStage
                0x0000000008005d1e       0x58 CMakeFiles/USB_Mouse.elf.dir/Middlewares/ST/STM32_USB_Device_Library/Core/Src/usbd_core.c.obj
                0x0000000008005d1e                USBD_LL_SetupStage
 .text.USBD_LL_Reset
                0x0000000008005d76       0x64 CMakeFiles/USB_Mouse.elf.dir/Middlewares/ST/STM32_USB_Device_Library/Core/Src/usbd_core.c.obj
                0x0000000008005d76                USBD_LL_Reset
 .text.USBD_LL_SetSpeed
                0x0000000008005dda        0x6 CMakeFiles/USB_Mouse.elf.dir/Middlewares/ST/STM32_USB_Device_Library/Core/Src/usbd_core.c.obj
                0x0000000008005dda                USBD_LL_SetSpeed
 .text.USBD_LL_Suspend
                0x0000000008005de0       0x1e CMakeFiles/USB_Mouse.elf.dir/Middlewares/ST/STM32_USB_Device_Library/Core/Src/usbd_core.c.obj
                0x0000000008005de0                USBD_LL_Suspend
 .text.USBD_LL_Resume
                0x0000000008005dfe       0x1a CMakeFiles/USB_Mouse.elf.dir/Middlewares/ST/STM32_USB_Device_Library/Core/Src/usbd_core.c.obj
                0x0000000008005dfe                USBD_LL_Resume
 .text.USBD_LL_SOF
                0x0000000008005e18       0x22 CMakeFiles/USB_Mouse.elf.dir/Middlewares/ST/STM32_USB_Device_Library/Core/Src/usbd_core.c.obj
                0x0000000008005e18                USBD_LL_SOF
 .text.USBD_LL_IsoINIncomplete
                0x0000000008005e3a       0x2e CMakeFiles/USB_Mouse.elf.dir/Middlewares/ST/STM32_USB_Device_Library/Core/Src/usbd_core.c.obj
                0x0000000008005e3a                USBD_LL_IsoINIncomplete
 .text.USBD_LL_IsoOUTIncomplete
                0x0000000008005e68       0x2e CMakeFiles/USB_Mouse.elf.dir/Middlewares/ST/STM32_USB_Device_Library/Core/Src/usbd_core.c.obj
                0x0000000008005e68                USBD_LL_IsoOUTIncomplete
 .text.USBD_LL_DevConnected
                0x0000000008005e96        0x4 CMakeFiles/USB_Mouse.elf.dir/Middlewares/ST/STM32_USB_Device_Library/Core/Src/usbd_core.c.obj
                0x0000000008005e96                USBD_LL_DevConnected
 .text.USBD_LL_DevDisconnected
                0x0000000008005e9a       0x20 CMakeFiles/USB_Mouse.elf.dir/Middlewares/ST/STM32_USB_Device_Library/Core/Src/usbd_core.c.obj
                0x0000000008005e9a                USBD_LL_DevDisconnected
 .text.USBD_CoreFindIF
                0x0000000008005eba        0x4 CMakeFiles/USB_Mouse.elf.dir/Middlewares/ST/STM32_USB_Device_Library/Core/Src/usbd_core.c.obj
                0x0000000008005eba                USBD_CoreFindIF
 .text.USBD_CoreFindEP
                0x0000000008005ebe        0x4 CMakeFiles/USB_Mouse.elf.dir/Middlewares/ST/STM32_USB_Device_Library/Core/Src/usbd_core.c.obj
                0x0000000008005ebe                USBD_CoreFindEP
 .text.USBD_LL_DataOutStage
                0x0000000008005ec2       0xc6 CMakeFiles/USB_Mouse.elf.dir/Middlewares/ST/STM32_USB_Device_Library/Core/Src/usbd_core.c.obj
                0x0000000008005ec2                USBD_LL_DataOutStage
 .text.USBD_LL_DataInStage
                0x0000000008005f88       0xd6 CMakeFiles/USB_Mouse.elf.dir/Middlewares/ST/STM32_USB_Device_Library/Core/Src/usbd_core.c.obj
                0x0000000008005f88                USBD_LL_DataInStage
 .text.USBD_GetNextDesc
                0x000000000800605e        0xe CMakeFiles/USB_Mouse.elf.dir/Middlewares/ST/STM32_USB_Device_Library/Core/Src/usbd_core.c.obj
                0x000000000800605e                USBD_GetNextDesc
 .text.USBD_GetEpDesc
                0x000000000800606c       0x3e CMakeFiles/USB_Mouse.elf.dir/Middlewares/ST/STM32_USB_Device_Library/Core/Src/usbd_core.c.obj
                0x000000000800606c                USBD_GetEpDesc
 .text.USBD_GetLen
                0x00000000080060aa       0x14 CMakeFiles/USB_Mouse.elf.dir/Middlewares/ST/STM32_USB_Device_Library/Core/Src/usbd_ctlreq.c.obj
 .text.USBD_ParseSetupRequest
                0x00000000080060be       0x28 CMakeFiles/USB_Mouse.elf.dir/Middlewares/ST/STM32_USB_Device_Library/Core/Src/usbd_ctlreq.c.obj
                0x00000000080060be                USBD_ParseSetupRequest
 .text.USBD_CtlError
                0x00000000080060e6       0x14 CMakeFiles/USB_Mouse.elf.dir/Middlewares/ST/STM32_USB_Device_Library/Core/Src/usbd_ctlreq.c.obj
                0x00000000080060e6                USBD_CtlError
 .text.USBD_GetDescriptor
                0x00000000080060fa      0x18a CMakeFiles/USB_Mouse.elf.dir/Middlewares/ST/STM32_USB_Device_Library/Core/Src/usbd_ctlreq.c.obj
 .text.USBD_SetAddress
                0x0000000008006284       0x50 CMakeFiles/USB_Mouse.elf.dir/Middlewares/ST/STM32_USB_Device_Library/Core/Src/usbd_ctlreq.c.obj
 .text.USBD_SetConfig
                0x00000000080062d4       0xcc CMakeFiles/USB_Mouse.elf.dir/Middlewares/ST/STM32_USB_Device_Library/Core/Src/usbd_ctlreq.c.obj
 .text.USBD_GetConfig
                0x00000000080063a0       0x40 CMakeFiles/USB_Mouse.elf.dir/Middlewares/ST/STM32_USB_Device_Library/Core/Src/usbd_ctlreq.c.obj
 .text.USBD_GetStatus
                0x00000000080063e0       0x38 CMakeFiles/USB_Mouse.elf.dir/Middlewares/ST/STM32_USB_Device_Library/Core/Src/usbd_ctlreq.c.obj
 .text.USBD_SetFeature
                0x0000000008006418       0x2a CMakeFiles/USB_Mouse.elf.dir/Middlewares/ST/STM32_USB_Device_Library/Core/Src/usbd_ctlreq.c.obj
 .text.USBD_ClrFeature
                0x0000000008006442       0x26 CMakeFiles/USB_Mouse.elf.dir/Middlewares/ST/STM32_USB_Device_Library/Core/Src/usbd_ctlreq.c.obj
 .text.USBD_StdDevReq
                0x0000000008006468       0x76 CMakeFiles/USB_Mouse.elf.dir/Middlewares/ST/STM32_USB_Device_Library/Core/Src/usbd_ctlreq.c.obj
                0x0000000008006468                USBD_StdDevReq
 .text.USBD_StdItfReq
                0x00000000080064de       0x84 CMakeFiles/USB_Mouse.elf.dir/Middlewares/ST/STM32_USB_Device_Library/Core/Src/usbd_ctlreq.c.obj
                0x00000000080064de                USBD_StdItfReq
 .text.USBD_StdEPReq
                0x0000000008006562      0x232 CMakeFiles/USB_Mouse.elf.dir/Middlewares/ST/STM32_USB_Device_Library/Core/Src/usbd_ctlreq.c.obj
                0x0000000008006562                USBD_StdEPReq
 .text.USBD_GetString
                0x0000000008006794       0x3a CMakeFiles/USB_Mouse.elf.dir/Middlewares/ST/STM32_USB_Device_Library/Core/Src/usbd_ctlreq.c.obj
                0x0000000008006794                USBD_GetString
 .text.USBD_CtlSendData
                0x00000000080067ce       0x1a CMakeFiles/USB_Mouse.elf.dir/Middlewares/ST/STM32_USB_Device_Library/Core/Src/usbd_ioreq.c.obj
                0x00000000080067ce                USBD_CtlSendData
 .text.USBD_CtlContinueSendData
                0x00000000080067e8       0x10 CMakeFiles/USB_Mouse.elf.dir/Middlewares/ST/STM32_USB_Device_Library/Core/Src/usbd_ioreq.c.obj
                0x00000000080067e8                USBD_CtlContinueSendData
 .text.USBD_CtlContinueRx
                0x00000000080067f8       0x10 CMakeFiles/USB_Mouse.elf.dir/Middlewares/ST/STM32_USB_Device_Library/Core/Src/usbd_ioreq.c.obj
                0x00000000080067f8                USBD_CtlContinueRx
 .text.USBD_CtlSendStatus
                0x0000000008006808       0x16 CMakeFiles/USB_Mouse.elf.dir/Middlewares/ST/STM32_USB_Device_Library/Core/Src/usbd_ioreq.c.obj
                0x0000000008006808                USBD_CtlSendStatus
 .text.USBD_CtlReceiveStatus
                0x000000000800681e       0x16 CMakeFiles/USB_Mouse.elf.dir/Middlewares/ST/STM32_USB_Device_Library/Core/Src/usbd_ioreq.c.obj
                0x000000000800681e                USBD_CtlReceiveStatus
 .text.MX_USB_DEVICE_Init
                0x0000000008006834       0x44 CMakeFiles/USB_Mouse.elf.dir/USB_DEVICE/App/usb_device.c.obj
                0x0000000008006834                MX_USB_DEVICE_Init
 .text.USBD_FS_DeviceDescriptor
                0x0000000008006878        0xc CMakeFiles/USB_Mouse.elf.dir/USB_DEVICE/App/usbd_desc.c.obj
                0x0000000008006878                USBD_FS_DeviceDescriptor
 .text.USBD_FS_LangIDStrDescriptor
                0x0000000008006884        0xc CMakeFiles/USB_Mouse.elf.dir/USB_DEVICE/App/usbd_desc.c.obj
                0x0000000008006884                USBD_FS_LangIDStrDescriptor
 .text.IntToUnicode
                0x0000000008006890       0x46 CMakeFiles/USB_Mouse.elf.dir/USB_DEVICE/App/usbd_desc.c.obj
 *fill*         0x00000000080068d6        0x2 
 .text.Get_SerialNum
                0x00000000080068d8       0x38 CMakeFiles/USB_Mouse.elf.dir/USB_DEVICE/App/usbd_desc.c.obj
 .text.USBD_FS_SerialStrDescriptor
                0x0000000008006910       0x14 CMakeFiles/USB_Mouse.elf.dir/USB_DEVICE/App/usbd_desc.c.obj
                0x0000000008006910                USBD_FS_SerialStrDescriptor
 .text.USBD_FS_ProductStrDescriptor
                0x0000000008006924       0x24 CMakeFiles/USB_Mouse.elf.dir/USB_DEVICE/App/usbd_desc.c.obj
                0x0000000008006924                USBD_FS_ProductStrDescriptor
 .text.USBD_FS_ManufacturerStrDescriptor
                0x0000000008006948       0x1c CMakeFiles/USB_Mouse.elf.dir/USB_DEVICE/App/usbd_desc.c.obj
                0x0000000008006948                USBD_FS_ManufacturerStrDescriptor
 .text.USBD_FS_ConfigStrDescriptor
                0x0000000008006964       0x24 CMakeFiles/USB_Mouse.elf.dir/USB_DEVICE/App/usbd_desc.c.obj
                0x0000000008006964                USBD_FS_ConfigStrDescriptor
 .text.USBD_FS_InterfaceStrDescriptor
                0x0000000008006988       0x24 CMakeFiles/USB_Mouse.elf.dir/USB_DEVICE/App/usbd_desc.c.obj
                0x0000000008006988                USBD_FS_InterfaceStrDescriptor
 .text.HAL_PCD_MspInit
                0x00000000080069ac       0xb4 CMakeFiles/USB_Mouse.elf.dir/USB_DEVICE/Target/usbd_conf.c.obj
                0x00000000080069ac                HAL_PCD_MspInit
 .text.HAL_PCD_SetupStageCallback
                0x0000000008006a60       0x10 CMakeFiles/USB_Mouse.elf.dir/USB_DEVICE/Target/usbd_conf.c.obj
                0x0000000008006a60                HAL_PCD_SetupStageCallback
 .text.HAL_PCD_DataOutStageCallback
                0x0000000008006a70       0x18 CMakeFiles/USB_Mouse.elf.dir/USB_DEVICE/Target/usbd_conf.c.obj
                0x0000000008006a70                HAL_PCD_DataOutStageCallback
 .text.HAL_PCD_DataInStageCallback
                0x0000000008006a88       0x16 CMakeFiles/USB_Mouse.elf.dir/USB_DEVICE/Target/usbd_conf.c.obj
                0x0000000008006a88                HAL_PCD_DataInStageCallback
 .text.HAL_PCD_SOFCallback
                0x0000000008006a9e        0xc CMakeFiles/USB_Mouse.elf.dir/USB_DEVICE/Target/usbd_conf.c.obj
                0x0000000008006a9e                HAL_PCD_SOFCallback
 .text.HAL_PCD_ResetCallback
                0x0000000008006aaa       0x2c CMakeFiles/USB_Mouse.elf.dir/USB_DEVICE/Target/usbd_conf.c.obj
                0x0000000008006aaa                HAL_PCD_ResetCallback
 *fill*         0x0000000008006ad6        0x2 
 .text.HAL_PCD_SuspendCallback
                0x0000000008006ad8       0x30 CMakeFiles/USB_Mouse.elf.dir/USB_DEVICE/Target/usbd_conf.c.obj
                0x0000000008006ad8                HAL_PCD_SuspendCallback
 .text.HAL_PCD_ResumeCallback
                0x0000000008006b08        0xc CMakeFiles/USB_Mouse.elf.dir/USB_DEVICE/Target/usbd_conf.c.obj
                0x0000000008006b08                HAL_PCD_ResumeCallback
 .text.HAL_PCD_ISOOUTIncompleteCallback
                0x0000000008006b14        0xc CMakeFiles/USB_Mouse.elf.dir/USB_DEVICE/Target/usbd_conf.c.obj
                0x0000000008006b14                HAL_PCD_ISOOUTIncompleteCallback
 .text.HAL_PCD_ISOINIncompleteCallback
                0x0000000008006b20        0xc CMakeFiles/USB_Mouse.elf.dir/USB_DEVICE/Target/usbd_conf.c.obj
                0x0000000008006b20                HAL_PCD_ISOINIncompleteCallback
 .text.HAL_PCD_ConnectCallback
                0x0000000008006b2c        0xc CMakeFiles/USB_Mouse.elf.dir/USB_DEVICE/Target/usbd_conf.c.obj
                0x0000000008006b2c                HAL_PCD_ConnectCallback
 .text.HAL_PCD_DisconnectCallback
                0x0000000008006b38        0xc CMakeFiles/USB_Mouse.elf.dir/USB_DEVICE/Target/usbd_conf.c.obj
                0x0000000008006b38                HAL_PCD_DisconnectCallback
 .text.USBD_LL_Init
                0x0000000008006b44       0x6c CMakeFiles/USB_Mouse.elf.dir/USB_DEVICE/Target/usbd_conf.c.obj
                0x0000000008006b44                USBD_LL_Init
 .text.USBD_LL_IsStallEP
                0x0000000008006bb0       0x2e CMakeFiles/USB_Mouse.elf.dir/USB_DEVICE/Target/usbd_conf.c.obj
                0x0000000008006bb0                USBD_LL_IsStallEP
 *fill*         0x0000000008006bde        0x2 
 .text.USBD_static_malloc
                0x0000000008006be0        0x8 CMakeFiles/USB_Mouse.elf.dir/USB_DEVICE/Target/usbd_conf.c.obj
                0x0000000008006be0                USBD_static_malloc
 .text.USBD_static_free
                0x0000000008006be8        0x2 CMakeFiles/USB_Mouse.elf.dir/USB_DEVICE/Target/usbd_conf.c.obj
                0x0000000008006be8                USBD_static_free
 .text.USBD_Get_USB_Status
                0x0000000008006bea       0x14 CMakeFiles/USB_Mouse.elf.dir/USB_DEVICE/Target/usbd_conf.c.obj
                0x0000000008006bea                USBD_Get_USB_Status
 .text.USBD_LL_Start
                0x0000000008006bfe       0x10 CMakeFiles/USB_Mouse.elf.dir/USB_DEVICE/Target/usbd_conf.c.obj
                0x0000000008006bfe                USBD_LL_Start
 .text.USBD_LL_OpenEP
                0x0000000008006c0e       0x16 CMakeFiles/USB_Mouse.elf.dir/USB_DEVICE/Target/usbd_conf.c.obj
                0x0000000008006c0e                USBD_LL_OpenEP
 .text.USBD_LL_CloseEP
                0x0000000008006c24       0x10 CMakeFiles/USB_Mouse.elf.dir/USB_DEVICE/Target/usbd_conf.c.obj
                0x0000000008006c24                USBD_LL_CloseEP
 .text.USBD_LL_StallEP
                0x0000000008006c34       0x10 CMakeFiles/USB_Mouse.elf.dir/USB_DEVICE/Target/usbd_conf.c.obj
                0x0000000008006c34                USBD_LL_StallEP
 .text.USBD_LL_ClearStallEP
                0x0000000008006c44       0x10 CMakeFiles/USB_Mouse.elf.dir/USB_DEVICE/Target/usbd_conf.c.obj
                0x0000000008006c44                USBD_LL_ClearStallEP
 .text.USBD_LL_SetUSBAddress
                0x0000000008006c54       0x10 CMakeFiles/USB_Mouse.elf.dir/USB_DEVICE/Target/usbd_conf.c.obj
                0x0000000008006c54                USBD_LL_SetUSBAddress
 .text.USBD_LL_Transmit
                0x0000000008006c64       0x10 CMakeFiles/USB_Mouse.elf.dir/USB_DEVICE/Target/usbd_conf.c.obj
                0x0000000008006c64                USBD_LL_Transmit
 .text.USBD_LL_PrepareReceive
                0x0000000008006c74       0x10 CMakeFiles/USB_Mouse.elf.dir/USB_DEVICE/Target/usbd_conf.c.obj
                0x0000000008006c74                USBD_LL_PrepareReceive
 .text.__udivmoddi4
                0x0000000008006c84      0x2d0 /usr/local/arm/gcc-arm-10.3-2021.07-x86_64-arm-none-eabi/bin/../lib/gcc/arm-none-eabi/10.3.1/thumb/v7e-m+fp/hard/libgcc.a(_udivmoddi4.o)
                0x0000000008006c84                __udivmoddi4
 .text.__libc_init_array
                0x0000000008006f54       0x48 /usr/local/arm/gcc-arm-10.3-2021.07-x86_64-arm-none-eabi/bin/../lib/gcc/arm-none-eabi/10.3.1/../../../../arm-none-eabi/lib/thumb/v7e-m+fp/hard/libg.a(lib_a-init.o)
                0x0000000008006f54                __libc_init_array
 .text.memset   0x0000000008006f9c       0xa4 /usr/local/arm/gcc-arm-10.3-2021.07-x86_64-arm-none-eabi/bin/../lib/gcc/arm-none-eabi/10.3.1/../../../../arm-none-eabi/lib/thumb/v7e-m+fp/hard/libg.a(lib_a-memset.o)
                0x0000000008006f9c                memset
 *(.glue_7)
 .glue_7        0x0000000008007040        0x0 linker stubs
 *(.glue_7t)
 .glue_7t       0x0000000008007040        0x0 linker stubs
 *(.eh_frame)
 .eh_frame      0x0000000008007040        0x0 /usr/local/arm/gcc-arm-10.3-2021.07-x86_64-arm-none-eabi/bin/../lib/gcc/arm-none-eabi/10.3.1/thumb/v7e-m+fp/hard/crtbegin.o
 *(.init)
 .init          0x0000000008007040        0x4 /usr/local/arm/gcc-arm-10.3-2021.07-x86_64-arm-none-eabi/bin/../lib/gcc/arm-none-eabi/10.3.1/thumb/v7e-m+fp/hard/crti.o
                0x0000000008007040                _init
 .init          0x0000000008007044        0x8 /usr/local/arm/gcc-arm-10.3-2021.07-x86_64-arm-none-eabi/bin/../lib/gcc/arm-none-eabi/10.3.1/thumb/v7e-m+fp/hard/crtn.o
 *(.fini)
 .fini          0x000000000800704c        0x4 /usr/local/arm/gcc-arm-10.3-2021.07-x86_64-arm-none-eabi/bin/../lib/gcc/arm-none-eabi/10.3.1/thumb/v7e-m+fp/hard/crti.o
                0x000000000800704c                _fini
 .fini          0x0000000008007050        0x8 /usr/local/arm/gcc-arm-10.3-2021.07-x86_64-arm-none-eabi/bin/../lib/gcc/arm-none-eabi/10.3.1/thumb/v7e-m+fp/hard/crtn.o
                0x0000000008007058                . = ALIGN (0x4)
                0x0000000008007058                _etext = .

.vfp11_veneer   0x0000000008007058        0x0
 .vfp11_veneer  0x0000000008007058        0x0 linker stubs

.v4_bx          0x0000000008007058        0x0
 .v4_bx         0x0000000008007058        0x0 linker stubs

.iplt           0x0000000008007058        0x0
 .iplt          0x0000000008007058        0x0 /usr/local/arm/gcc-arm-10.3-2021.07-x86_64-arm-none-eabi/bin/../lib/gcc/arm-none-eabi/10.3.1/thumb/v7e-m+fp/hard/crtbegin.o

.rodata         0x0000000008007058       0x88
                0x0000000008007058                . = ALIGN (0x4)
 *(.rodata)
 *(.rodata*)
 .rodata.D1CorePrescTable
                0x0000000008007058       0x10 CMakeFiles/USB_Mouse.elf.dir/Core/Src/system_stm32h7xx.c.obj
                0x0000000008007058                D1CorePrescTable
 .rodata.flagBitshiftOffset.0
                0x0000000008007068        0x8 CMakeFiles/USB_Mouse.elf.dir/Drivers/STM32H7xx_HAL_Driver/Src/stm32h7xx_hal_dma.c.obj
 .rodata.UARTPrescTable
                0x0000000008007070       0x18 CMakeFiles/USB_Mouse.elf.dir/Drivers/STM32H7xx_HAL_Driver/Src/stm32h7xx_hal_uart.c.obj
                0x0000000008007070                UARTPrescTable
 .rodata.denominator.0
                0x0000000008007088        0x8 CMakeFiles/USB_Mouse.elf.dir/Drivers/STM32H7xx_HAL_Driver/Src/stm32h7xx_hal_uart_ex.c.obj
 .rodata.numerator.1
                0x0000000008007090        0x8 CMakeFiles/USB_Mouse.elf.dir/Drivers/STM32H7xx_HAL_Driver/Src/stm32h7xx_hal_uart_ex.c.obj
 .rodata.USBD_FS_ProductStrDescriptor.str1.4
                0x0000000008007098       0x16 CMakeFiles/USB_Mouse.elf.dir/USB_DEVICE/App/usbd_desc.c.obj
 *fill*         0x00000000080070ae        0x2 
 .rodata.USBD_FS_ManufacturerStrDescriptor.str1.4
                0x00000000080070b0       0x13 CMakeFiles/USB_Mouse.elf.dir/USB_DEVICE/App/usbd_desc.c.obj
 *fill*         0x00000000080070c3        0x1 
 .rodata.USBD_FS_ConfigStrDescriptor.str1.4
                0x00000000080070c4        0xb CMakeFiles/USB_Mouse.elf.dir/USB_DEVICE/App/usbd_desc.c.obj
 *fill*         0x00000000080070cf        0x1 
 .rodata.USBD_FS_InterfaceStrDescriptor.str1.4
                0x00000000080070d0        0xe CMakeFiles/USB_Mouse.elf.dir/USB_DEVICE/App/usbd_desc.c.obj
                0x00000000080070e0                . = ALIGN (0x4)
 *fill*         0x00000000080070de        0x2 

.ARM.extab
 *(.ARM.extab* .gnu.linkonce.armextab.*)

.ARM            0x00000000080070e0        0x8
                0x00000000080070e0                __exidx_start = .
 *(.ARM.exidx*)
 .ARM.exidx.text.__udivmoddi4
                0x00000000080070e0        0x8 /usr/local/arm/gcc-arm-10.3-2021.07-x86_64-arm-none-eabi/bin/../lib/gcc/arm-none-eabi/10.3.1/thumb/v7e-m+fp/hard/libgcc.a(_udivmoddi4.o)
                0x00000000080070e8                __exidx_end = .

.rel.dyn        0x00000000080070e8        0x0
 .rel.iplt      0x00000000080070e8        0x0 /usr/local/arm/gcc-arm-10.3-2021.07-x86_64-arm-none-eabi/bin/../lib/gcc/arm-none-eabi/10.3.1/thumb/v7e-m+fp/hard/crtbegin.o

.preinit_array  0x00000000080070e8        0x0
                0x00000000080070e8                PROVIDE (__preinit_array_start = .)
 *(.preinit_array*)
                0x00000000080070e8                PROVIDE (__preinit_array_end = .)

.init_array     0x00000000080070e8        0x4
                0x00000000080070e8                PROVIDE (__init_array_start = .)
 *(SORT_BY_NAME(.init_array.*))
 *(.init_array*)
 .init_array    0x00000000080070e8        0x4 /usr/local/arm/gcc-arm-10.3-2021.07-x86_64-arm-none-eabi/bin/../lib/gcc/arm-none-eabi/10.3.1/thumb/v7e-m+fp/hard/crtbegin.o
                0x00000000080070ec                PROVIDE (__init_array_end = .)

.fini_array     0x00000000080070ec        0x4
                0x00000000080070ec                PROVIDE (__fini_array_start = .)
 *(SORT_BY_NAME(.fini_array.*))
 *(.fini_array*)
 .fini_array    0x00000000080070ec        0x4 /usr/local/arm/gcc-arm-10.3-2021.07-x86_64-arm-none-eabi/bin/../lib/gcc/arm-none-eabi/10.3.1/thumb/v7e-m+fp/hard/crtbegin.o
                0x00000000080070f0                PROVIDE (__fini_array_end = .)
                0x00000000080070f0                _sidata = LOADADDR (.data)

.data           0x0000000024000000      0x120 load address 0x00000000080070f0
                0x0000000024000000                . = ALIGN (0x4)
                0x0000000024000000                _sdata = .
 *(.data)
 *(.data*)
 .data.SystemCoreClock
                0x0000000024000000        0x4 CMakeFiles/USB_Mouse.elf.dir/Core/Src/system_stm32h7xx.c.obj
                0x0000000024000000                SystemCoreClock
 .data.SystemD2Clock
                0x0000000024000004        0x4 CMakeFiles/USB_Mouse.elf.dir/Core/Src/system_stm32h7xx.c.obj
                0x0000000024000004                SystemD2Clock
 .data.uwTickFreq
                0x0000000024000008        0x1 CMakeFiles/USB_Mouse.elf.dir/Drivers/STM32H7xx_HAL_Driver/Src/stm32h7xx_hal.c.obj
                0x0000000024000008                uwTickFreq
 *fill*         0x0000000024000009        0x3 
 .data.uwTickPrio
                0x000000002400000c        0x4 CMakeFiles/USB_Mouse.elf.dir/Drivers/STM32H7xx_HAL_Driver/Src/stm32h7xx_hal.c.obj
                0x000000002400000c                uwTickPrio
 .data.HID_MOUSE_ReportDesc
                0x0000000024000010       0x4a CMakeFiles/USB_Mouse.elf.dir/Middlewares/ST/STM32_USB_Device_Library/Class/HID/Src/usbd_hid.c.obj
 *fill*         0x000000002400005a        0x2 
 .data.USBD_HID
                0x000000002400005c       0x38 CMakeFiles/USB_Mouse.elf.dir/Middlewares/ST/STM32_USB_Device_Library/Class/HID/Src/usbd_hid.c.obj
                0x000000002400005c                USBD_HID
 .data.USBD_HID_CfgDesc
                0x0000000024000094       0x22 CMakeFiles/USB_Mouse.elf.dir/Middlewares/ST/STM32_USB_Device_Library/Class/HID/Src/usbd_hid.c.obj
 *fill*         0x00000000240000b6        0x2 
 .data.USBD_HID_Desc
                0x00000000240000b8        0x9 CMakeFiles/USB_Mouse.elf.dir/Middlewares/ST/STM32_USB_Device_Library/Class/HID/Src/usbd_hid.c.obj
 *fill*         0x00000000240000c1        0x3 
 .data.USBD_HID_DeviceQualifierDesc
                0x00000000240000c4        0xa CMakeFiles/USB_Mouse.elf.dir/Middlewares/ST/STM32_USB_Device_Library/Class/HID/Src/usbd_hid.c.obj
 *fill*         0x00000000240000ce        0x2 
 .data.FS_Desc  0x00000000240000d0       0x1c CMakeFiles/USB_Mouse.elf.dir/USB_DEVICE/App/usbd_desc.c.obj
                0x00000000240000d0                FS_Desc
 .data.USBD_FS_DeviceDesc
                0x00000000240000ec       0x12 CMakeFiles/USB_Mouse.elf.dir/USB_DEVICE/App/usbd_desc.c.obj
                0x00000000240000ec                USBD_FS_DeviceDesc
 *fill*         0x00000000240000fe        0x2 
 .data.USBD_LangIDDesc
                0x0000000024000100        0x4 CMakeFiles/USB_Mouse.elf.dir/USB_DEVICE/App/usbd_desc.c.obj
                0x0000000024000100                USBD_LangIDDesc
 .data.USBD_StringSerial
                0x0000000024000104       0x1a CMakeFiles/USB_Mouse.elf.dir/USB_DEVICE/App/usbd_desc.c.obj
                0x0000000024000104                USBD_StringSerial
 *(.RamFunc)
 *(.RamFunc*)
                0x0000000024000120                . = ALIGN (0x4)
 *fill*         0x000000002400011e        0x2 
                0x0000000024000120                _edata = .

.tm_clone_table
                0x0000000024000120        0x0 load address 0x0000000008007210
 .tm_clone_table
                0x0000000024000120        0x0 /usr/local/arm/gcc-arm-10.3-2021.07-x86_64-arm-none-eabi/bin/../lib/gcc/arm-none-eabi/10.3.1/thumb/v7e-m+fp/hard/crtbegin.o
 .tm_clone_table
                0x0000000024000120        0x0 /usr/local/arm/gcc-arm-10.3-2021.07-x86_64-arm-none-eabi/bin/../lib/gcc/arm-none-eabi/10.3.1/thumb/v7e-m+fp/hard/crtend.o

.igot.plt       0x0000000024000120        0x0 load address 0x0000000008007210
 .igot.plt      0x0000000024000120        0x0 /usr/local/arm/gcc-arm-10.3-2021.07-x86_64-arm-none-eabi/bin/../lib/gcc/arm-none-eabi/10.3.1/thumb/v7e-m+fp/hard/crtbegin.o
                0x0000000024000120                . = ALIGN (0x4)

.bss            0x0000000024000120      0xb2c load address 0x0000000008007210
                0x0000000024000120                _sbss = .
                0x0000000024000120                __bss_start__ = _sbss
 *(.bss)
 *(.bss*)
 .bss.completed.1
                0x0000000024000120        0x1 /usr/local/arm/gcc-arm-10.3-2021.07-x86_64-arm-none-eabi/bin/../lib/gcc/arm-none-eabi/10.3.1/thumb/v7e-m+fp/hard/crtbegin.o
 *fill*         0x0000000024000121        0x3 
 .bss.object.0  0x0000000024000124       0x18 /usr/local/arm/gcc-arm-10.3-2021.07-x86_64-arm-none-eabi/bin/../lib/gcc/arm-none-eabi/10.3.1/thumb/v7e-m+fp/hard/crtbegin.o
 .bss.hdma_usart1_rx
                0x000000002400013c       0x78 CMakeFiles/USB_Mouse.elf.dir/Core/Src/main.c.obj
                0x000000002400013c                hdma_usart1_rx
 .bss.huart1    0x00000000240001b4       0x94 CMakeFiles/USB_Mouse.elf.dir/Core/Src/main.c.obj
                0x00000000240001b4                huart1
 .bss.uwTick    0x0000000024000248        0x4 CMakeFiles/USB_Mouse.elf.dir/Drivers/STM32H7xx_HAL_Driver/Src/stm32h7xx_hal.c.obj
                0x0000000024000248                uwTick
 .bss.cfgidx.0  0x000000002400024c        0x1 CMakeFiles/USB_Mouse.elf.dir/Middlewares/ST/STM32_USB_Device_Library/Core/Src/usbd_ctlreq.c.obj
 *fill*         0x000000002400024d        0x3 
 .bss.hUsbDeviceFS
                0x0000000024000250      0x2dc CMakeFiles/USB_Mouse.elf.dir/USB_DEVICE/App/usb_device.c.obj
                0x0000000024000250                hUsbDeviceFS
 .bss.USBD_StrDesc
                0x000000002400052c      0x200 CMakeFiles/USB_Mouse.elf.dir/USB_DEVICE/App/usbd_desc.c.obj
                0x000000002400052c                USBD_StrDesc
 .bss.hpcd_USB_OTG_FS
                0x000000002400072c      0x50c CMakeFiles/USB_Mouse.elf.dir/USB_DEVICE/Target/usbd_conf.c.obj
                0x000000002400072c                hpcd_USB_OTG_FS
 .bss.mem.0     0x0000000024000c38       0x14 CMakeFiles/USB_Mouse.elf.dir/USB_DEVICE/Target/usbd_conf.c.obj
 *(COMMON)
                0x0000000024000c4c                . = ALIGN (0x4)
                0x0000000024000c4c                _ebss = .
                0x0000000024000c4c                __bss_end__ = _ebss

._user_heap_stack
                0x0000000024000c4c     0x6004 load address 0x0000000008007210
                0x0000000024000c50                . = ALIGN (0x8)
 *fill*         0x0000000024000c4c        0x4 
                [!provide]                        PROVIDE (end = .)
                0x0000000024000c50                PROVIDE (_end = .)
                0x0000000024002c50                . = (. + _Min_Heap_Size)
 *fill*         0x0000000024000c50     0x2000 
                0x0000000024006c50                . = (. + _Min_Stack_Size)
 *fill*         0x0000000024002c50     0x4000 
                0x0000000024006c50                . = ALIGN (0x8)

/DISCARD/
 libc.a(*)
 libm.a(*)
 libgcc.a(*)

.ARM.attributes
                0x0000000000000000       0x30
 *(.ARM.attributes)
 .ARM.attributes
                0x0000000000000000       0x1e /usr/local/arm/gcc-arm-10.3-2021.07-x86_64-arm-none-eabi/bin/../lib/gcc/arm-none-eabi/10.3.1/thumb/v7e-m+fp/hard/crti.o
 .ARM.attributes
                0x000000000000001e       0x34 /usr/local/arm/gcc-arm-10.3-2021.07-x86_64-arm-none-eabi/bin/../lib/gcc/arm-none-eabi/10.3.1/thumb/v7e-m+fp/hard/crtbegin.o
 .ARM.attributes
                0x0000000000000052       0x34 CMakeFiles/USB_Mouse.elf.dir/Core/Src/main.c.obj
 .ARM.attributes
                0x0000000000000086       0x34 CMakeFiles/USB_Mouse.elf.dir/Core/Src/stm32h7xx_hal_msp.c.obj
 .ARM.attributes
                0x00000000000000ba       0x34 CMakeFiles/USB_Mouse.elf.dir/Core/Src/stm32h7xx_it.c.obj
 .ARM.attributes
                0x00000000000000ee       0x34 CMakeFiles/USB_Mouse.elf.dir/Core/Src/system_stm32h7xx.c.obj
 .ARM.attributes
                0x0000000000000122       0x21 CMakeFiles/USB_Mouse.elf.dir/Core/Startup/startup_stm32h743vitx.s.obj
 .ARM.attributes
                0x0000000000000143       0x34 CMakeFiles/USB_Mouse.elf.dir/Drivers/STM32H7xx_HAL_Driver/Src/stm32h7xx_hal.c.obj
 .ARM.attributes
                0x0000000000000177       0x34 CMakeFiles/USB_Mouse.elf.dir/Drivers/STM32H7xx_HAL_Driver/Src/stm32h7xx_hal_cortex.c.obj
 .ARM.attributes
                0x00000000000001ab       0x34 CMakeFiles/USB_Mouse.elf.dir/Drivers/STM32H7xx_HAL_Driver/Src/stm32h7xx_hal_dma.c.obj
 .ARM.attributes
                0x00000000000001df       0x34 CMakeFiles/USB_Mouse.elf.dir/Drivers/STM32H7xx_HAL_Driver/Src/stm32h7xx_hal_gpio.c.obj
 .ARM.attributes
                0x0000000000000213       0x34 CMakeFiles/USB_Mouse.elf.dir/Drivers/STM32H7xx_HAL_Driver/Src/stm32h7xx_hal_pcd.c.obj
 .ARM.attributes
                0x0000000000000247       0x34 CMakeFiles/USB_Mouse.elf.dir/Drivers/STM32H7xx_HAL_Driver/Src/stm32h7xx_hal_pcd_ex.c.obj
 .ARM.attributes
                0x000000000000027b       0x34 CMakeFiles/USB_Mouse.elf.dir/Drivers/STM32H7xx_HAL_Driver/Src/stm32h7xx_hal_pwr_ex.c.obj
 .ARM.attributes
                0x00000000000002af       0x34 CMakeFiles/USB_Mouse.elf.dir/Drivers/STM32H7xx_HAL_Driver/Src/stm32h7xx_hal_rcc.c.obj
 .ARM.attributes
                0x00000000000002e3       0x34 CMakeFiles/USB_Mouse.elf.dir/Drivers/STM32H7xx_HAL_Driver/Src/stm32h7xx_hal_rcc_ex.c.obj
 .ARM.attributes
                0x0000000000000317       0x34 CMakeFiles/USB_Mouse.elf.dir/Drivers/STM32H7xx_HAL_Driver/Src/stm32h7xx_hal_uart.c.obj
 .ARM.attributes
                0x000000000000034b       0x34 CMakeFiles/USB_Mouse.elf.dir/Drivers/STM32H7xx_HAL_Driver/Src/stm32h7xx_hal_uart_ex.c.obj
 .ARM.attributes
                0x000000000000037f       0x34 CMakeFiles/USB_Mouse.elf.dir/Drivers/STM32H7xx_HAL_Driver/Src/stm32h7xx_ll_usb.c.obj
 .ARM.attributes
                0x00000000000003b3       0x34 CMakeFiles/USB_Mouse.elf.dir/Middlewares/ST/STM32_USB_Device_Library/Class/HID/Src/usbd_hid.c.obj
 .ARM.attributes
                0x00000000000003e7       0x34 CMakeFiles/USB_Mouse.elf.dir/Middlewares/ST/STM32_USB_Device_Library/Core/Src/usbd_core.c.obj
 .ARM.attributes
                0x000000000000041b       0x34 CMakeFiles/USB_Mouse.elf.dir/Middlewares/ST/STM32_USB_Device_Library/Core/Src/usbd_ctlreq.c.obj
 .ARM.attributes
                0x000000000000044f       0x34 CMakeFiles/USB_Mouse.elf.dir/Middlewares/ST/STM32_USB_Device_Library/Core/Src/usbd_ioreq.c.obj
 .ARM.attributes
                0x0000000000000483       0x34 CMakeFiles/USB_Mouse.elf.dir/USB_DEVICE/App/usb_device.c.obj
 .ARM.attributes
                0x00000000000004b7       0x34 CMakeFiles/USB_Mouse.elf.dir/USB_DEVICE/App/usbd_desc.c.obj
 .ARM.attributes
                0x00000000000004eb       0x34 CMakeFiles/USB_Mouse.elf.dir/USB_DEVICE/Target/usbd_conf.c.obj
 .ARM.attributes
                0x000000000000051f       0x1e /usr/local/arm/gcc-arm-10.3-2021.07-x86_64-arm-none-eabi/bin/../lib/gcc/arm-none-eabi/10.3.1/thumb/v7e-m+fp/hard/libgcc.a(_aeabi_uldivmod.o)
 .ARM.attributes
                0x000000000000053d       0x34 /usr/local/arm/gcc-arm-10.3-2021.07-x86_64-arm-none-eabi/bin/../lib/gcc/arm-none-eabi/10.3.1/thumb/v7e-m+fp/hard/libgcc.a(_udivmoddi4.o)
 .ARM.attributes
                0x0000000000000571       0x1e /usr/local/arm/gcc-arm-10.3-2021.07-x86_64-arm-none-eabi/bin/../lib/gcc/arm-none-eabi/10.3.1/thumb/v7e-m+fp/hard/libgcc.a(_dvmd_tls.o)
 .ARM.attributes
                0x000000000000058f       0x34 /usr/local/arm/gcc-arm-10.3-2021.07-x86_64-arm-none-eabi/bin/../lib/gcc/arm-none-eabi/10.3.1/../../../../arm-none-eabi/lib/thumb/v7e-m+fp/hard/libg.a(lib_a-init.o)
 .ARM.attributes
                0x00000000000005c3       0x34 /usr/local/arm/gcc-arm-10.3-2021.07-x86_64-arm-none-eabi/bin/../lib/gcc/arm-none-eabi/10.3.1/../../../../arm-none-eabi/lib/thumb/v7e-m+fp/hard/libg.a(lib_a-memset.o)
 .ARM.attributes
                0x00000000000005f7       0x32 /usr/local/arm/gcc-arm-10.3-2021.07-x86_64-arm-none-eabi/bin/../lib/gcc/arm-none-eabi/10.3.1/thumb/v7e-m+fp/hard/crtend.o
 .ARM.attributes
                0x0000000000000629       0x1e /usr/local/arm/gcc-arm-10.3-2021.07-x86_64-arm-none-eabi/bin/../lib/gcc/arm-none-eabi/10.3.1/thumb/v7e-m+fp/hard/crtn.o
OUTPUT(USB_Mouse.elf elf32-littlearm)
LOAD linker stubs
LOAD /usr/local/arm/gcc-arm-10.3-2021.07-x86_64-arm-none-eabi/bin/../lib/gcc/arm-none-eabi/10.3.1/../../../../arm-none-eabi/lib/thumb/v7e-m+fp/hard/libc.a
LOAD /usr/local/arm/gcc-arm-10.3-2021.07-x86_64-arm-none-eabi/bin/../lib/gcc/arm-none-eabi/10.3.1/../../../../arm-none-eabi/lib/thumb/v7e-m+fp/hard/libm.a
LOAD /usr/local/arm/gcc-arm-10.3-2021.07-x86_64-arm-none-eabi/bin/../lib/gcc/arm-none-eabi/10.3.1/thumb/v7e-m+fp/hard/libgcc.a

.comment        0x0000000000000000       0x5d
 .comment       0x0000000000000000       0x5d /usr/local/arm/gcc-arm-10.3-2021.07-x86_64-arm-none-eabi/bin/../lib/gcc/arm-none-eabi/10.3.1/thumb/v7e-m+fp/hard/crtbegin.o
                                         0x5e (size before relaxing)
 .comment       0x000000000000005d       0x5e CMakeFiles/USB_Mouse.elf.dir/Core/Src/main.c.obj
 .comment       0x000000000000005d       0x5e CMakeFiles/USB_Mouse.elf.dir/Core/Src/stm32h7xx_hal_msp.c.obj
 .comment       0x000000000000005d       0x5e CMakeFiles/USB_Mouse.elf.dir/Core/Src/stm32h7xx_it.c.obj
 .comment       0x000000000000005d       0x5e CMakeFiles/USB_Mouse.elf.dir/Core/Src/system_stm32h7xx.c.obj
 .comment       0x000000000000005d       0x5e CMakeFiles/USB_Mouse.elf.dir/Drivers/STM32H7xx_HAL_Driver/Src/stm32h7xx_hal.c.obj
 .comment       0x000000000000005d       0x5e CMakeFiles/USB_Mouse.elf.dir/Drivers/STM32H7xx_HAL_Driver/Src/stm32h7xx_hal_cortex.c.obj
 .comment       0x000000000000005d       0x5e CMakeFiles/USB_Mouse.elf.dir/Drivers/STM32H7xx_HAL_Driver/Src/stm32h7xx_hal_dma.c.obj
 .comment       0x000000000000005d       0x5e CMakeFiles/USB_Mouse.elf.dir/Drivers/STM32H7xx_HAL_Driver/Src/stm32h7xx_hal_gpio.c.obj
 .comment       0x000000000000005d       0x5e CMakeFiles/USB_Mouse.elf.dir/Drivers/STM32H7xx_HAL_Driver/Src/stm32h7xx_hal_pcd.c.obj
 .comment       0x000000000000005d       0x5e CMakeFiles/USB_Mouse.elf.dir/Drivers/STM32H7xx_HAL_Driver/Src/stm32h7xx_hal_pcd_ex.c.obj
 .comment       0x000000000000005d       0x5e CMakeFiles/USB_Mouse.elf.dir/Drivers/STM32H7xx_HAL_Driver/Src/stm32h7xx_hal_pwr_ex.c.obj
 .comment       0x000000000000005d       0x5e CMakeFiles/USB_Mouse.elf.dir/Drivers/STM32H7xx_HAL_Driver/Src/stm32h7xx_hal_rcc.c.obj
 .comment       0x000000000000005d       0x5e CMakeFiles/USB_Mouse.elf.dir/Drivers/STM32H7xx_HAL_Driver/Src/stm32h7xx_hal_rcc_ex.c.obj
 .comment       0x000000000000005d       0x5e CMakeFiles/USB_Mouse.elf.dir/Drivers/STM32H7xx_HAL_Driver/Src/stm32h7xx_hal_uart.c.obj
 .comment       0x000000000000005d       0x5e CMakeFiles/USB_Mouse.elf.dir/Drivers/STM32H7xx_HAL_Driver/Src/stm32h7xx_hal_uart_ex.c.obj
 .comment       0x000000000000005d       0x5e CMakeFiles/USB_Mouse.elf.dir/Drivers/STM32H7xx_HAL_Driver/Src/stm32h7xx_ll_usb.c.obj
 .comment       0x000000000000005d       0x5e CMakeFiles/USB_Mouse.elf.dir/Middlewares/ST/STM32_USB_Device_Library/Class/HID/Src/usbd_hid.c.obj
 .comment       0x000000000000005d       0x5e CMakeFiles/USB_Mouse.elf.dir/Middlewares/ST/STM32_USB_Device_Library/Core/Src/usbd_core.c.obj
 .comment       0x000000000000005d       0x5e CMakeFiles/USB_Mouse.elf.dir/Middlewares/ST/STM32_USB_Device_Library/Core/Src/usbd_ctlreq.c.obj
 .comment       0x000000000000005d       0x5e CMakeFiles/USB_Mouse.elf.dir/Middlewares/ST/STM32_USB_Device_Library/Core/Src/usbd_ioreq.c.obj
 .comment       0x000000000000005d       0x5e CMakeFiles/USB_Mouse.elf.dir/USB_DEVICE/App/usb_device.c.obj
 .comment       0x000000000000005d       0x5e CMakeFiles/USB_Mouse.elf.dir/USB_DEVICE/App/usbd_desc.c.obj
 .comment       0x000000000000005d       0x5e CMakeFiles/USB_Mouse.elf.dir/USB_DEVICE/Target/usbd_conf.c.obj
 .comment       0x000000000000005d       0x5e /usr/local/arm/gcc-arm-10.3-2021.07-x86_64-arm-none-eabi/bin/../lib/gcc/arm-none-eabi/10.3.1/thumb/v7e-m+fp/hard/libgcc.a(_udivmoddi4.o)
 .comment       0x000000000000005d       0x5e /usr/local/arm/gcc-arm-10.3-2021.07-x86_64-arm-none-eabi/bin/../lib/gcc/arm-none-eabi/10.3.1/../../../../arm-none-eabi/lib/thumb/v7e-m+fp/hard/libg.a(lib_a-init.o)
 .comment       0x000000000000005d       0x5e /usr/local/arm/gcc-arm-10.3-2021.07-x86_64-arm-none-eabi/bin/../lib/gcc/arm-none-eabi/10.3.1/../../../../arm-none-eabi/lib/thumb/v7e-m+fp/hard/libg.a(lib_a-memset.o)
 .comment       0x000000000000005d       0x5e /usr/local/arm/gcc-arm-10.3-2021.07-x86_64-arm-none-eabi/bin/../lib/gcc/arm-none-eabi/10.3.1/thumb/v7e-m+fp/hard/crtend.o

.debug_info     0x0000000000000000    0x20a11
 .debug_info    0x0000000000000000     0x1f9a CMakeFiles/USB_Mouse.elf.dir/Core/Src/main.c.obj
 .debug_info    0x0000000000001f9a     0x11ab CMakeFiles/USB_Mouse.elf.dir/Core/Src/stm32h7xx_hal_msp.c.obj
 .debug_info    0x0000000000003145      0xa36 CMakeFiles/USB_Mouse.elf.dir/Core/Src/stm32h7xx_it.c.obj
 .debug_info    0x0000000000003b7b      0xd30 CMakeFiles/USB_Mouse.elf.dir/Core/Src/system_stm32h7xx.c.obj
 .debug_info    0x00000000000048ab       0x22 CMakeFiles/USB_Mouse.elf.dir/Core/Startup/startup_stm32h743vitx.s.obj
 .debug_info    0x00000000000048cd     0x16a0 CMakeFiles/USB_Mouse.elf.dir/Drivers/STM32H7xx_HAL_Driver/Src/stm32h7xx_hal.c.obj
 .debug_info    0x0000000000005f6d     0x13ea CMakeFiles/USB_Mouse.elf.dir/Drivers/STM32H7xx_HAL_Driver/Src/stm32h7xx_hal_cortex.c.obj
 .debug_info    0x0000000000007357      0xfeb CMakeFiles/USB_Mouse.elf.dir/Drivers/STM32H7xx_HAL_Driver/Src/stm32h7xx_hal_dma.c.obj
 .debug_info    0x0000000000008342      0xd66 CMakeFiles/USB_Mouse.elf.dir/Drivers/STM32H7xx_HAL_Driver/Src/stm32h7xx_hal_gpio.c.obj
 .debug_info    0x00000000000090a8     0x1b98 CMakeFiles/USB_Mouse.elf.dir/Drivers/STM32H7xx_HAL_Driver/Src/stm32h7xx_hal_pcd.c.obj
 .debug_info    0x000000000000ac40      0xa79 CMakeFiles/USB_Mouse.elf.dir/Drivers/STM32H7xx_HAL_Driver/Src/stm32h7xx_hal_pcd_ex.c.obj
 .debug_info    0x000000000000b6b9     0x122e CMakeFiles/USB_Mouse.elf.dir/Drivers/STM32H7xx_HAL_Driver/Src/stm32h7xx_hal_pwr_ex.c.obj
 .debug_info    0x000000000000c8e7     0x1230 CMakeFiles/USB_Mouse.elf.dir/Drivers/STM32H7xx_HAL_Driver/Src/stm32h7xx_hal_rcc.c.obj
 .debug_info    0x000000000000db17     0x1aca CMakeFiles/USB_Mouse.elf.dir/Drivers/STM32H7xx_HAL_Driver/Src/stm32h7xx_hal_rcc_ex.c.obj
 .debug_info    0x000000000000f5e1     0x674e CMakeFiles/USB_Mouse.elf.dir/Drivers/STM32H7xx_HAL_Driver/Src/stm32h7xx_hal_uart.c.obj
 .debug_info    0x0000000000015d2f     0x124f CMakeFiles/USB_Mouse.elf.dir/Drivers/STM32H7xx_HAL_Driver/Src/stm32h7xx_hal_uart_ex.c.obj
 .debug_info    0x0000000000016f7e     0x204f CMakeFiles/USB_Mouse.elf.dir/Drivers/STM32H7xx_HAL_Driver/Src/stm32h7xx_ll_usb.c.obj
 .debug_info    0x0000000000018fcd      0xc5b CMakeFiles/USB_Mouse.elf.dir/Middlewares/ST/STM32_USB_Device_Library/Class/HID/Src/usbd_hid.c.obj
 .debug_info    0x0000000000019c28     0x1231 CMakeFiles/USB_Mouse.elf.dir/Middlewares/ST/STM32_USB_Device_Library/Core/Src/usbd_core.c.obj
 .debug_info    0x000000000001ae59     0x13e5 CMakeFiles/USB_Mouse.elf.dir/Middlewares/ST/STM32_USB_Device_Library/Core/Src/usbd_ctlreq.c.obj
 .debug_info    0x000000000001c23e      0x8d8 CMakeFiles/USB_Mouse.elf.dir/Middlewares/ST/STM32_USB_Device_Library/Core/Src/usbd_ioreq.c.obj
 .debug_info    0x000000000001cb16      0x6af CMakeFiles/USB_Mouse.elf.dir/USB_DEVICE/App/usb_device.c.obj
 .debug_info    0x000000000001d1c5      0x604 CMakeFiles/USB_Mouse.elf.dir/USB_DEVICE/App/usbd_desc.c.obj
 .debug_info    0x000000000001d7c9     0x2894 CMakeFiles/USB_Mouse.elf.dir/USB_DEVICE/Target/usbd_conf.c.obj
 .debug_info    0x000000000002005d       0x26 /usr/local/arm/gcc-arm-10.3-2021.07-x86_64-arm-none-eabi/bin/../lib/gcc/arm-none-eabi/10.3.1/thumb/v7e-m+fp/hard/libgcc.a(_aeabi_uldivmod.o)
 .debug_info    0x0000000000020083      0x717 /usr/local/arm/gcc-arm-10.3-2021.07-x86_64-arm-none-eabi/bin/../lib/gcc/arm-none-eabi/10.3.1/thumb/v7e-m+fp/hard/libgcc.a(_udivmoddi4.o)
 .debug_info    0x000000000002079a       0x26 /usr/local/arm/gcc-arm-10.3-2021.07-x86_64-arm-none-eabi/bin/../lib/gcc/arm-none-eabi/10.3.1/thumb/v7e-m+fp/hard/libgcc.a(_dvmd_tls.o)
 .debug_info    0x00000000000207c0      0x11a /usr/local/arm/gcc-arm-10.3-2021.07-x86_64-arm-none-eabi/bin/../lib/gcc/arm-none-eabi/10.3.1/../../../../arm-none-eabi/lib/thumb/v7e-m+fp/hard/libg.a(lib_a-init.o)
 .debug_info    0x00000000000208da      0x137 /usr/local/arm/gcc-arm-10.3-2021.07-x86_64-arm-none-eabi/bin/../lib/gcc/arm-none-eabi/10.3.1/../../../../arm-none-eabi/lib/thumb/v7e-m+fp/hard/libg.a(lib_a-memset.o)

.debug_abbrev   0x0000000000000000     0x3bd9
 .debug_abbrev  0x0000000000000000      0x2ea CMakeFiles/USB_Mouse.elf.dir/Core/Src/main.c.obj
 .debug_abbrev  0x00000000000002ea      0x1fa CMakeFiles/USB_Mouse.elf.dir/Core/Src/stm32h7xx_hal_msp.c.obj
 .debug_abbrev  0x00000000000004e4      0x1b7 CMakeFiles/USB_Mouse.elf.dir/Core/Src/stm32h7xx_it.c.obj
 .debug_abbrev  0x000000000000069b      0x14a CMakeFiles/USB_Mouse.elf.dir/Core/Src/system_stm32h7xx.c.obj
 .debug_abbrev  0x00000000000007e5       0x12 CMakeFiles/USB_Mouse.elf.dir/Core/Startup/startup_stm32h743vitx.s.obj
 .debug_abbrev  0x00000000000007f7      0x264 CMakeFiles/USB_Mouse.elf.dir/Drivers/STM32H7xx_HAL_Driver/Src/stm32h7xx_hal.c.obj
 .debug_abbrev  0x0000000000000a5b      0x37d CMakeFiles/USB_Mouse.elf.dir/Drivers/STM32H7xx_HAL_Driver/Src/stm32h7xx_hal_cortex.c.obj
 .debug_abbrev  0x0000000000000dd8      0x298 CMakeFiles/USB_Mouse.elf.dir/Drivers/STM32H7xx_HAL_Driver/Src/stm32h7xx_hal_dma.c.obj
 .debug_abbrev  0x0000000000001070      0x239 CMakeFiles/USB_Mouse.elf.dir/Drivers/STM32H7xx_HAL_Driver/Src/stm32h7xx_hal_gpio.c.obj
 .debug_abbrev  0x00000000000012a9      0x2b5 CMakeFiles/USB_Mouse.elf.dir/Drivers/STM32H7xx_HAL_Driver/Src/stm32h7xx_hal_pcd.c.obj
 .debug_abbrev  0x000000000000155e      0x26d CMakeFiles/USB_Mouse.elf.dir/Drivers/STM32H7xx_HAL_Driver/Src/stm32h7xx_hal_pcd_ex.c.obj
 .debug_abbrev  0x00000000000017cb      0x29b CMakeFiles/USB_Mouse.elf.dir/Drivers/STM32H7xx_HAL_Driver/Src/stm32h7xx_hal_pwr_ex.c.obj
 .debug_abbrev  0x0000000000001a66      0x27f CMakeFiles/USB_Mouse.elf.dir/Drivers/STM32H7xx_HAL_Driver/Src/stm32h7xx_hal_rcc.c.obj
 .debug_abbrev  0x0000000000001ce5      0x278 CMakeFiles/USB_Mouse.elf.dir/Drivers/STM32H7xx_HAL_Driver/Src/stm32h7xx_hal_rcc_ex.c.obj
 .debug_abbrev  0x0000000000001f5d      0x337 CMakeFiles/USB_Mouse.elf.dir/Drivers/STM32H7xx_HAL_Driver/Src/stm32h7xx_hal_uart.c.obj
 .debug_abbrev  0x0000000000002294      0x2e7 CMakeFiles/USB_Mouse.elf.dir/Drivers/STM32H7xx_HAL_Driver/Src/stm32h7xx_hal_uart_ex.c.obj
 .debug_abbrev  0x000000000000257b      0x2cb CMakeFiles/USB_Mouse.elf.dir/Drivers/STM32H7xx_HAL_Driver/Src/stm32h7xx_ll_usb.c.obj
 .debug_abbrev  0x0000000000002846      0x29e CMakeFiles/USB_Mouse.elf.dir/Middlewares/ST/STM32_USB_Device_Library/Class/HID/Src/usbd_hid.c.obj
 .debug_abbrev  0x0000000000002ae4      0x2a8 CMakeFiles/USB_Mouse.elf.dir/Middlewares/ST/STM32_USB_Device_Library/Core/Src/usbd_core.c.obj
 .debug_abbrev  0x0000000000002d8c      0x32e CMakeFiles/USB_Mouse.elf.dir/Middlewares/ST/STM32_USB_Device_Library/Core/Src/usbd_ctlreq.c.obj
 .debug_abbrev  0x00000000000030ba      0x184 CMakeFiles/USB_Mouse.elf.dir/Middlewares/ST/STM32_USB_Device_Library/Core/Src/usbd_ioreq.c.obj
 .debug_abbrev  0x000000000000323e      0x1a0 CMakeFiles/USB_Mouse.elf.dir/USB_DEVICE/App/usb_device.c.obj
 .debug_abbrev  0x00000000000033de      0x20d CMakeFiles/USB_Mouse.elf.dir/USB_DEVICE/App/usbd_desc.c.obj
 .debug_abbrev  0x00000000000035eb      0x2e3 CMakeFiles/USB_Mouse.elf.dir/USB_DEVICE/Target/usbd_conf.c.obj
 .debug_abbrev  0x00000000000038ce       0x14 /usr/local/arm/gcc-arm-10.3-2021.07-x86_64-arm-none-eabi/bin/../lib/gcc/arm-none-eabi/10.3.1/thumb/v7e-m+fp/hard/libgcc.a(_aeabi_uldivmod.o)
 .debug_abbrev  0x00000000000038e2      0x163 /usr/local/arm/gcc-arm-10.3-2021.07-x86_64-arm-none-eabi/bin/../lib/gcc/arm-none-eabi/10.3.1/thumb/v7e-m+fp/hard/libgcc.a(_udivmoddi4.o)
 .debug_abbrev  0x0000000000003a45       0x14 /usr/local/arm/gcc-arm-10.3-2021.07-x86_64-arm-none-eabi/bin/../lib/gcc/arm-none-eabi/10.3.1/thumb/v7e-m+fp/hard/libgcc.a(_dvmd_tls.o)
 .debug_abbrev  0x0000000000003a59       0xcc /usr/local/arm/gcc-arm-10.3-2021.07-x86_64-arm-none-eabi/bin/../lib/gcc/arm-none-eabi/10.3.1/../../../../arm-none-eabi/lib/thumb/v7e-m+fp/hard/libg.a(lib_a-init.o)
 .debug_abbrev  0x0000000000003b25       0xb4 /usr/local/arm/gcc-arm-10.3-2021.07-x86_64-arm-none-eabi/bin/../lib/gcc/arm-none-eabi/10.3.1/../../../../arm-none-eabi/lib/thumb/v7e-m+fp/hard/libg.a(lib_a-memset.o)

.debug_aranges  0x0000000000000000     0x11d0
 .debug_aranges
                0x0000000000000000       0x50 CMakeFiles/USB_Mouse.elf.dir/Core/Src/main.c.obj
 .debug_aranges
                0x0000000000000050       0x30 CMakeFiles/USB_Mouse.elf.dir/Core/Src/stm32h7xx_hal_msp.c.obj
 .debug_aranges
                0x0000000000000080       0x70 CMakeFiles/USB_Mouse.elf.dir/Core/Src/stm32h7xx_it.c.obj
 .debug_aranges
                0x00000000000000f0       0x28 CMakeFiles/USB_Mouse.elf.dir/Core/Src/system_stm32h7xx.c.obj
 .debug_aranges
                0x0000000000000118       0x28 CMakeFiles/USB_Mouse.elf.dir/Core/Startup/startup_stm32h743vitx.s.obj
 .debug_aranges
                0x0000000000000140      0x198 CMakeFiles/USB_Mouse.elf.dir/Drivers/STM32H7xx_HAL_Driver/Src/stm32h7xx_hal.c.obj
 .debug_aranges
                0x00000000000002d8       0xb0 CMakeFiles/USB_Mouse.elf.dir/Drivers/STM32H7xx_HAL_Driver/Src/stm32h7xx_hal_cortex.c.obj
 .debug_aranges
                0x0000000000000388       0xa0 CMakeFiles/USB_Mouse.elf.dir/Drivers/STM32H7xx_HAL_Driver/Src/stm32h7xx_hal_dma.c.obj
 .debug_aranges
                0x0000000000000428       0x58 CMakeFiles/USB_Mouse.elf.dir/Drivers/STM32H7xx_HAL_Driver/Src/stm32h7xx_hal_gpio.c.obj
 .debug_aranges
                0x0000000000000480      0x140 CMakeFiles/USB_Mouse.elf.dir/Drivers/STM32H7xx_HAL_Driver/Src/stm32h7xx_hal_pcd.c.obj
 .debug_aranges
                0x00000000000005c0       0x60 CMakeFiles/USB_Mouse.elf.dir/Drivers/STM32H7xx_HAL_Driver/Src/stm32h7xx_hal_pcd_ex.c.obj
 .debug_aranges
                0x0000000000000620      0x158 CMakeFiles/USB_Mouse.elf.dir/Drivers/STM32H7xx_HAL_Driver/Src/stm32h7xx_hal_pwr_ex.c.obj
 .debug_aranges
                0x0000000000000778       0x88 CMakeFiles/USB_Mouse.elf.dir/Drivers/STM32H7xx_HAL_Driver/Src/stm32h7xx_hal_rcc.c.obj
 .debug_aranges
                0x0000000000000800       0xf8 CMakeFiles/USB_Mouse.elf.dir/Drivers/STM32H7xx_HAL_Driver/Src/stm32h7xx_hal_rcc_ex.c.obj
 .debug_aranges
                0x00000000000008f8      0x248 CMakeFiles/USB_Mouse.elf.dir/Drivers/STM32H7xx_HAL_Driver/Src/stm32h7xx_hal_uart.c.obj
 .debug_aranges
                0x0000000000000b40       0xa8 CMakeFiles/USB_Mouse.elf.dir/Drivers/STM32H7xx_HAL_Driver/Src/stm32h7xx_hal_uart_ex.c.obj
 .debug_aranges
                0x0000000000000be8      0x1a0 CMakeFiles/USB_Mouse.elf.dir/Drivers/STM32H7xx_HAL_Driver/Src/stm32h7xx_ll_usb.c.obj
 .debug_aranges
                0x0000000000000d88       0x68 CMakeFiles/USB_Mouse.elf.dir/Middlewares/ST/STM32_USB_Device_Library/Class/HID/Src/usbd_hid.c.obj
 .debug_aranges
                0x0000000000000df0       0xd8 CMakeFiles/USB_Mouse.elf.dir/Middlewares/ST/STM32_USB_Device_Library/Core/Src/usbd_core.c.obj
 .debug_aranges
                0x0000000000000ec8       0x88 CMakeFiles/USB_Mouse.elf.dir/Middlewares/ST/STM32_USB_Device_Library/Core/Src/usbd_ctlreq.c.obj
 .debug_aranges
                0x0000000000000f50       0x50 CMakeFiles/USB_Mouse.elf.dir/Middlewares/ST/STM32_USB_Device_Library/Core/Src/usbd_ioreq.c.obj
 .debug_aranges
                0x0000000000000fa0       0x20 CMakeFiles/USB_Mouse.elf.dir/USB_DEVICE/App/usb_device.c.obj
 .debug_aranges
                0x0000000000000fc0       0x60 CMakeFiles/USB_Mouse.elf.dir/USB_DEVICE/App/usbd_desc.c.obj
 .debug_aranges
                0x0000000000001020      0x110 CMakeFiles/USB_Mouse.elf.dir/USB_DEVICE/Target/usbd_conf.c.obj
 .debug_aranges
                0x0000000000001130       0x20 /usr/local/arm/gcc-arm-10.3-2021.07-x86_64-arm-none-eabi/bin/../lib/gcc/arm-none-eabi/10.3.1/thumb/v7e-m+fp/hard/libgcc.a(_aeabi_uldivmod.o)
 .debug_aranges
                0x0000000000001150       0x20 /usr/local/arm/gcc-arm-10.3-2021.07-x86_64-arm-none-eabi/bin/../lib/gcc/arm-none-eabi/10.3.1/thumb/v7e-m+fp/hard/libgcc.a(_udivmoddi4.o)
 .debug_aranges
                0x0000000000001170       0x20 /usr/local/arm/gcc-arm-10.3-2021.07-x86_64-arm-none-eabi/bin/../lib/gcc/arm-none-eabi/10.3.1/thumb/v7e-m+fp/hard/libgcc.a(_dvmd_tls.o)
 .debug_aranges
                0x0000000000001190       0x20 /usr/local/arm/gcc-arm-10.3-2021.07-x86_64-arm-none-eabi/bin/../lib/gcc/arm-none-eabi/10.3.1/../../../../arm-none-eabi/lib/thumb/v7e-m+fp/hard/libg.a(lib_a-init.o)
 .debug_aranges
                0x00000000000011b0       0x20 /usr/local/arm/gcc-arm-10.3-2021.07-x86_64-arm-none-eabi/bin/../lib/gcc/arm-none-eabi/10.3.1/../../../../arm-none-eabi/lib/thumb/v7e-m+fp/hard/libg.a(lib_a-memset.o)

.debug_ranges   0x0000000000000000     0x1218